Archive member included to satisfy reference by file (symbol)

/home/lebhoryi/Software/riscv64-unknown-elf-toolchain-10.2.0-2020.12.8-x86_64-linux-ubuntu14/bin/../lib/gcc/riscv64-unknown-elf/10.2.0/../../../../riscv64-unknown-elf/lib/rv64imafdc/lp64d/libc.a(lib_a-fclose.o)
                              build/kernel/components/libc/compilers/newlib/stdio.o (fclose)
/home/lebhoryi/Software/riscv64-unknown-elf-toolchain-10.2.0-2020.12.8-x86_64-linux-ubuntu14/bin/../lib/gcc/riscv64-unknown-elf/10.2.0/../../../../riscv64-unknown-elf/lib/rv64imafdc/lp64d/libc.a(lib_a-fflush.o)
                              /home/lebhoryi/Software/riscv64-unknown-elf-toolchain-10.2.0-2020.12.8-x86_64-linux-ubuntu14/bin/../lib/gcc/riscv64-unknown-elf/10.2.0/../../../../riscv64-unknown-elf/lib/rv64imafdc/lp64d/libc.a(lib_a-fclose.o) (__sflush_r)
/home/lebhoryi/Software/riscv64-unknown-elf-toolchain-10.2.0-2020.12.8-x86_64-linux-ubuntu14/bin/../lib/gcc/riscv64-unknown-elf/10.2.0/../../../../riscv64-unknown-elf/lib/rv64imafdc/lp64d/libc.a(lib_a-fileno.o)
                              build/kernel/components/libc/compilers/newlib/stdio.o (fileno)
/home/lebhoryi/Software/riscv64-unknown-elf-toolchain-10.2.0-2020.12.8-x86_64-linux-ubuntu14/bin/../lib/gcc/riscv64-unknown-elf/10.2.0/../../../../riscv64-unknown-elf/lib/rv64imafdc/lp64d/libc.a(lib_a-findfp.o)
                              /home/lebhoryi/Software/riscv64-unknown-elf-toolchain-10.2.0-2020.12.8-x86_64-linux-ubuntu14/bin/../lib/gcc/riscv64-unknown-elf/10.2.0/../../../../riscv64-unknown-elf/lib/rv64imafdc/lp64d/libc.a(lib_a-fclose.o) (__sinit)
/home/lebhoryi/Software/riscv64-unknown-elf-toolchain-10.2.0-2020.12.8-x86_64-linux-ubuntu14/bin/../lib/gcc/riscv64-unknown-elf/10.2.0/../../../../riscv64-unknown-elf/lib/rv64imafdc/lp64d/libc.a(lib_a-fopen.o)
                              build/kernel/components/libc/compilers/newlib/stdio.o (fopen)
/home/lebhoryi/Software/riscv64-unknown-elf-toolchain-10.2.0-2020.12.8-x86_64-linux-ubuntu14/bin/../lib/gcc/riscv64-unknown-elf/10.2.0/../../../../riscv64-unknown-elf/lib/rv64imafdc/lp64d/libc.a(lib_a-fseek.o)
                              /home/lebhoryi/Software/riscv64-unknown-elf-toolchain-10.2.0-2020.12.8-x86_64-linux-ubuntu14/bin/../lib/gcc/riscv64-unknown-elf/10.2.0/../../../../riscv64-unknown-elf/lib/rv64imafdc/lp64d/libc.a(lib_a-fopen.o) (_fseek_r)
/home/lebhoryi/Software/riscv64-unknown-elf-toolchain-10.2.0-2020.12.8-x86_64-linux-ubuntu14/bin/../lib/gcc/riscv64-unknown-elf/10.2.0/../../../../riscv64-unknown-elf/lib/rv64imafdc/lp64d/libc.a(lib_a-fseeko.o)
                              /home/lebhoryi/Software/riscv64-unknown-elf-toolchain-10.2.0-2020.12.8-x86_64-linux-ubuntu14/bin/../lib/gcc/riscv64-unknown-elf/10.2.0/../../../../riscv64-unknown-elf/lib/rv64imafdc/lp64d/libc.a(lib_a-fseek.o) (_fseeko_r)
/home/lebhoryi/Software/riscv64-unknown-elf-toolchain-10.2.0-2020.12.8-x86_64-linux-ubuntu14/bin/../lib/gcc/riscv64-unknown-elf/10.2.0/../../../../riscv64-unknown-elf/lib/rv64imafdc/lp64d/libc.a(lib_a-fwalk.o)
                              /home/lebhoryi/Software/riscv64-unknown-elf-toolchain-10.2.0-2020.12.8-x86_64-linux-ubuntu14/bin/../lib/gcc/riscv64-unknown-elf/10.2.0/../../../../riscv64-unknown-elf/lib/rv64imafdc/lp64d/libc.a(lib_a-findfp.o) (_fwalk)
/home/lebhoryi/Software/riscv64-unknown-elf-toolchain-10.2.0-2020.12.8-x86_64-linux-ubuntu14/bin/../lib/gcc/riscv64-unknown-elf/10.2.0/../../../../riscv64-unknown-elf/lib/rv64imafdc/lp64d/libc.a(lib_a-getchar.o)
                              build/kernel/components/finsh/shell.o (getchar)
/home/lebhoryi/Software/riscv64-unknown-elf-toolchain-10.2.0-2020.12.8-x86_64-linux-ubuntu14/bin/../lib/gcc/riscv64-unknown-elf/10.2.0/../../../../riscv64-unknown-elf/lib/rv64imafdc/lp64d/libc.a(lib_a-getc.o)
                              /home/lebhoryi/Software/riscv64-unknown-elf-toolchain-10.2.0-2020.12.8-x86_64-linux-ubuntu14/bin/../lib/gcc/riscv64-unknown-elf/10.2.0/../../../../riscv64-unknown-elf/lib/rv64imafdc/lp64d/libc.a(lib_a-getchar.o) (_getc_r)
/home/lebhoryi/Software/riscv64-unknown-elf-toolchain-10.2.0-2020.12.8-x86_64-linux-ubuntu14/bin/../lib/gcc/riscv64-unknown-elf/10.2.0/../../../../riscv64-unknown-elf/lib/rv64imafdc/lp64d/libc.a(lib_a-impure.o)
                              build/kernel/components/libc/compilers/newlib/stdio.o (_global_impure_ptr)
/home/lebhoryi/Software/riscv64-unknown-elf-toolchain-10.2.0-2020.12.8-x86_64-linux-ubuntu14/bin/../lib/gcc/riscv64-unknown-elf/10.2.0/../../../../riscv64-unknown-elf/lib/rv64imafdc/lp64d/libc.a(lib_a-makebuf.o)
                              /home/lebhoryi/Software/riscv64-unknown-elf-toolchain-10.2.0-2020.12.8-x86_64-linux-ubuntu14/bin/../lib/gcc/riscv64-unknown-elf/10.2.0/../../../../riscv64-unknown-elf/lib/rv64imafdc/lp64d/libc.a(lib_a-fseeko.o) (__smakebuf_r)
[...]
Memory Configuration

Name             Origin             Length             Attributes
SRAM             0x0000000080000000 0x00000000007ff000
*default*        0x0000000000000000 0xffffffffffffffff

Linker script and memory map

LOAD /home/lebhoryi/Software/riscv64-unknown-elf-toolchain-10.2.0-2020.12.8-x86_64-linux-ubuntu14/bin/../lib/gcc/riscv64-unknown-elf/10.2.0/../../../../riscv64-unknown-elf/lib/rv64imafdc/lp64d/libc.a
LOAD /home/lebhoryi/Software/riscv64-unknown-elf-toolchain-10.2.0-2020.12.8-x86_64-linux-ubuntu14/bin/../lib/gcc/riscv64-unknown-elf/10.2.0/../../../../riscv64-unknown-elf/lib/rv64imafdc/lp64d/libm.a
LOAD build/applications/main.o
LOAD build/driver/sbi.o
LOAD build/driver/drv_uart.o
LOAD build/driver/plic.o
LOAD build/driver/board.o
LOAD build/kernel/src/idle.o
LOAD build/kernel/src/kservice.o
LOAD build/kernel/src/timer.o
LOAD build/kernel/src/mempool.o
LOAD build/kernel/src/object.o
LOAD build/kernel/src/irq.o
LOAD build/kernel/src/components.o
LOAD build/kernel/src/thread.o
LOAD build/kernel/src/device.o
LOAD build/kernel/src/clock.o
LOAD build/kernel/src/mem.o
LOAD build/kernel/src/scheduler.o
LOAD build/kernel/src/ipc.o
LOAD rt-thread/libcpu/risc-v/virt64/tick.o
LOAD rt-thread/libcpu/risc-v/virt64/context_gcc.o
LOAD rt-thread/libcpu/risc-v/virt64/interrupt_gcc.o
LOAD rt-thread/libcpu/risc-v/virt64/startup_gcc.o
LOAD rt-thread/libcpu/risc-v/virt64/cpuport.o
LOAD rt-thread/libcpu/risc-v/virt64/interrupt.o
LOAD build/kernel/components/drivers/misc/pin.o
LOAD build/kernel/components/drivers/serial/serial.o
LOAD build/kernel/components/drivers/src/dataqueue.o
LOAD build/kernel/components/drivers/src/ringbuffer.o
LOAD build/kernel/components/drivers/src/ringblk_buf.o
LOAD build/kernel/components/drivers/src/waitqueue.o
LOAD build/kernel/components/drivers/src/pipe.o
LOAD build/kernel/components/drivers/src/workqueue.o
LOAD build/kernel/components/drivers/src/completion.o
LOAD build/kernel/components/libc/compilers/newlib/libc.o
LOAD build/kernel/components/libc/compilers/newlib/stdio.o
LOAD build/kernel/components/libc/compilers/newlib/syscalls.o
LOAD build/kernel/components/libc/compilers/common/time.o
LOAD build/kernel/components/libc/compilers/common/unistd.o
LOAD build/kernel/components/libc/compilers/common/stdlib.o
LOAD build/kernel/components/finsh/msh_file.o
LOAD build/kernel/components/finsh/msh.o
LOAD build/kernel/components/finsh/shell.o
LOAD build/kernel/components/finsh/cmd.o
LOAD build/kernel/components/dfs/src/dfs_fs.o
LOAD build/kernel/components/dfs/src/dfs_file.o
LOAD build/kernel/components/dfs/src/dfs_posix.o
LOAD build/kernel/components/dfs/src/poll.o
LOAD build/kernel/components/dfs/src/dfs.o
LOAD build/kernel/components/dfs/src/select.o
LOAD build/kernel/components/dfs/filesystems/devfs/devfs.o
LOAD build/kernel/components/dfs/filesystems/romfs/romfs.o
LOAD build/kernel/components/dfs/filesystems/romfs/dfs_romfs.o
LOAD /home/lebhoryi/Software/riscv64-unknown-elf-toolchain-10.2.0-2020.12.8-x86_64-linux-ubuntu14/bin/../lib/gcc/riscv64-unknown-elf/10.2.0/../../../../riscv64-unknown-elf/lib/rv64imafdc/lp64d/libc.a
LOAD /home/lebhoryi/Software/riscv64-unknown-elf-toolchain-10.2.0-2020.12.8-x86_64-linux-ubuntu14/bin/../lib/gcc/riscv64-unknown-elf/10.2.0/../../../../riscv64-unknown-elf/lib/rv64imafdc/lp64d/libm.a
LOAD /home/lebhoryi/Software/riscv64-unknown-elf-toolchain-10.2.0-2020.12.8-x86_64-linux-ubuntu14/bin/../lib/gcc/riscv64-unknown-elf/10.2.0/rv64imafdc/lp64d/libgcc.a
START GROUP
LOAD /home/lebhoryi/Software/riscv64-unknown-elf-toolchain-10.2.0-2020.12.8-x86_64-linux-ubuntu14/bin/../lib/gcc/riscv64-unknown-elf/10.2.0/../../../../riscv64-unknown-elf/lib/rv64imafdc/lp64d/libc.a
LOAD /home/lebhoryi/Software/riscv64-unknown-elf-toolchain-10.2.0-2020.12.8-x86_64-linux-ubuntu14/bin/../lib/gcc/riscv64-unknown-elf/10.2.0/../../../../riscv64-unknown-elf/lib/rv64imafdc/lp64d/libgloss.a
END GROUP
LOAD /home/lebhoryi/Software/riscv64-unknown-elf-toolchain-10.2.0-2020.12.8-x86_64-linux-ubuntu14/bin/../lib/gcc/riscv64-unknown-elf/10.2.0/rv64imafdc/lp64d/libgcc.a
                0x0000000000004000                __STACKSIZE__ = 0x4000
                0x0000000080000000                __START_ADDR__ = 0x80000000
                0x0000000080000000                . = __START_ADDR__

.start          0x0000000080000000       0x44
 *(.start)
 .start         0x0000000080000000       0x44 rt-thread/libcpu/risc-v/virt64/startup_gcc.o
                0x0000000080000000                _start
                0x0000000080000048                . = ALIGN (0x8)

.text           0x0000000080000050    0x23bb8
 *(.text)
 .text          0x0000000080000050       0xc4 rt-thread/libcpu/risc-v/virt64/context_gcc.o
                0x0000000080000050                rt_hw_interrupt_disable
                0x0000000080000056                rt_hw_interrupt_enable
                0x000000008000005c                rt_hw_context_switch_to
                0x0000000080000068                rt_hw_context_switch
                0x00000000800000be                rt_hw_context_switch_exit
 .text          0x0000000080000114      0x104 /home/lebhoryi/Software/riscv64-unknown-elf-toolchain-10.2.0-2020.12.8-x86_64-linux-ubuntu14/bin/../lib/gcc/riscv64-unknown-elf/10.2.0/../../../../riscv64-unknown-elf/lib/rv64imafdc/lp64d/libc.a(lib_a-fclose.o)
                0x0000000080000194                _fclose_r
                0x00000000800001d2                fclose
 .text          0x0000000080000218      0x21e /home/lebhoryi/Software/riscv64-unknown-elf-toolchain-10.2.0-2020.12.8-x86_64-linux-ubuntu14/bin/../lib/gcc/riscv64-unknown-elf/10.2.0/../../../../riscv64-unknown-elf/lib/rv64imafdc/lp64d/libc.a(lib_a-fflush.o)
                0x0000000080000218                __sflush_r
                0x00000000800003aa                _fflush_r
                0x00000000800003e0                fflush
 .text          0x0000000080000436       0x40 /home/lebhoryi/Software/riscv64-unknown-elf-toolchain-10.2.0-2020.12.8-x86_64-linux-ubuntu14/bin/../lib/gcc/riscv64-unknown-elf/10.2.0/../../../../riscv64-unknown-elf/lib/rv64imafdc/lp64d/libc.a(lib_a-fileno.o)
                0x0000000080000436                fileno
 .text          0x0000000080000476      0x2a6 /home/lebhoryi/Software/riscv64-unknown-elf-toolchain-10.2.0-2020.12.8-x86_64-linux-ubuntu14/bin/../lib/gcc/riscv64-unknown-elf/10.2.0/../../../../riscv64-unknown-elf/lib/rv64imafdc/lp64d/libc.a(lib_a-findfp.o)
                0x000000008000047a                _cleanup_r
                0x00000000800005b0                __sfmoreglue
                0x00000000800005f8                __sfp
                0x00000000800006d6                _cleanup
                0x00000000800006e8                __sinit
                0x00000000800006f0                __sfp_lock_acquire
                0x00000000800006f2                __sfp_lock_release
                0x00000000800006f4                __sinit_lock_acquire
                0x00000000800006f6                __sinit_lock_release
                0x00000000800006f8                __fp_lock_all
                0x000000008000070a                __fp_unlock_all
 .text          0x000000008000071c       0xca /home/lebhoryi/Software/riscv64-unknown-elf-toolchain-10.2.0-2020.12.8-x86_64-linux-ubuntu14/bin/../lib/gcc/riscv64-unknown-elf/10.2.0/../../../../riscv64-unknown-elf/lib/rv64imafdc/lp64d/libc.a(lib_a-fopen.o)
                0x000000008000071c                _fopen_r
                0x00000000800007d8                fopen
 .text          0x00000000800007e6       0x12 /home/lebhoryi/Software/riscv64-unknown-elf-toolchain-10.2.0-2020.12.8-x86_64-linux-ubuntu14/bin/../lib/gcc/riscv64-unknown-elf/10.2.0/../../../../riscv64-unknown-elf/lib/rv64imafdc/lp64d/libc.a(lib_a-fseek.o)
                0x00000000800007e6                _fseek_r
                0x00000000800007e8                fseek
 .text          0x00000000800007f8      0x324 /home/lebhoryi/Software/riscv64-unknown-elf-toolchain-10.2.0-2020.12.8-x86_64-linux-ubuntu14/bin/../lib/gcc/riscv64-unknown-elf/10.2.0/../../../../riscv64-unknown-elf/lib/rv64imafdc/lp64d/libc.a(lib_a-fseeko.o)
                0x00000000800007f8                _fseeko_r
                0x0000000080000b0c                fseeko
 .text          0x0000000080000b1c      0x10c /home/lebhoryi/Software/riscv64-unknown-elf-toolchain-10.2.0-2020.12.8-x86_64-linux-ubuntu14/bin/../lib/gcc/riscv64-unknown-elf/10.2.0/../../../../riscv64-unknown-elf/lib/rv64imafdc/lp64d/libc.a(lib_a-fwalk.o)
                0x0000000080000b1c                _fwalk
                0x0000000080000b9e                _fwalk_reent
 .text          0x0000000080000c28       0x10 /home/lebhoryi/Software/riscv64-unknown-elf-toolchain-10.2.0-2020.12.8-x86_64-linux-ubuntu14/bin/../lib/gcc/riscv64-unknown-elf/10.2.0/../../../../riscv64-unknown-elf/lib/rv64imafdc/lp64d/libc.a(lib_a-getchar.o)
                0x0000000080000c28                _getchar_r
                0x0000000080000c2c                getchar
 .text          0x0000000080000c38       0xa6 /home/lebhoryi/Software/riscv64-unknown-elf-toolchain-10.2.0-2020.12.8-x86_64-linux-ubuntu14/bin/../lib/gcc/riscv64-unknown-elf/10.2.0/../../../../riscv64-unknown-elf/lib/rv64imafdc/lp64d/libc.a(lib_a-getc.o)
                0x0000000080000c38                _getc_r
                0x0000000080000c84                getc
 .text          0x0000000080000cde      0x198 /home/lebhoryi/Software/riscv64-unknown-elf-toolchain-10.2.0-2020.12.8-x86_64-linux-ubuntu14/bin/../lib/gcc/riscv64-unknown-elf/10.2.0/../../../../riscv64-unknown-elf/lib/rv64imafdc/lp64d/libc.a(lib_a-makebuf.o)
                0x0000000080000cde                __smakebuf_r
                0x0000000080000df4                __swhatbuf_r
 .text          0x0000000080000e76       0x52 /home/lebhoryi/Software/riscv64-unknown-elf-toolchain-10.2.0-2020.12.8-x86_64-linux-ubuntu14/bin/../lib/gcc/riscv64-unknown-elf/10.2.0/../../../../riscv64-unknown-elf/lib/rv64imafdc/lp64d/libc.a(lib_a-memcmp.o)
                0x0000000080000e76                memcmp
 .text          0x0000000080000ec8       0xe8 /home/lebhoryi/Software/riscv64-unknown-elf-toolchain-10.2.0-2020.12.8-x86_64-linux-ubuntu14/bin/../lib/gcc/riscv64-unknown-elf/10.2.0/../../../../riscv64-unknown-elf/lib/rv64imafdc/lp64d/libc.a(lib_a-memcpy.o)
                0x0000000080000ec8                memcpy
 .text          0x0000000080000fb0       0xaa /home/lebhoryi/Software/riscv64-unknown-elf-toolchain-10.2.0-2020.12.8-x86_64-linux-ubuntu14/bin/../lib/gcc/riscv64-unknown-elf/10.2.0/../../../../riscv64-unknown-elf/lib/rv64imafdc/lp64d/libc.a(lib_a-memset.o)
                0x0000000080000fb0                memset
 .text          0x000000008000105a       0x52 /home/lebhoryi/Software/riscv64-unknown-elf-toolchain-10.2.0-2020.12.8-x86_64-linux-ubuntu14/bin/../lib/gcc/riscv64-unknown-elf/10.2.0/../../../../riscv64-unknown-elf/lib/rv64imafdc/lp64d/libc.a(lib_a-printf.o)
                0x000000008000105a                _printf_r
                0x000000008000107c                printf
 .text          0x00000000800010ac        0xc /home/lebhoryi/Software/riscv64-unknown-elf-toolchain-10.2.0-2020.12.8-x86_64-linux-ubuntu14/bin/../lib/gcc/riscv64-unknown-elf/10.2.0/../../../../riscv64-unknown-elf/lib/rv64imafdc/lp64d/libc.a(lib_a-putenv.o)
                0x00000000800010ac                putenv
 .text          0x00000000800010b8       0x5c /home/lebhoryi/Software/riscv64-unknown-elf-toolchain-10.2.0-2020.12.8-x86_64-linux-ubuntu14/bin/../lib/gcc/riscv64-unknown-elf/10.2.0/../../../../riscv64-unknown-elf/lib/rv64imafdc/lp64d/libc.a(lib_a-putenv_r.o)
                0x00000000800010b8                _putenv_r
 .text          0x0000000080001114      0x180 /home/lebhoryi/Software/riscv64-unknown-elf-toolchain-10.2.0-2020.12.8-x86_64-linux-ubuntu14/bin/../lib/gcc/riscv64-unknown-elf/10.2.0/../../../../riscv64-unknown-elf/lib/rv64imafdc/lp64d/libc.a(lib_a-refill.o)
                0x0000000080001128                __srefill_r
 .text          0x0000000080001294       0x88 /home/lebhoryi/Software/riscv64-unknown-elf-toolchain-10.2.0-2020.12.8-x86_64-linux-ubuntu14/bin/../lib/gcc/riscv64-unknown-elf/10.2.0/../../../../riscv64-unknown-elf/lib/rv64imafdc/lp64d/libc.a(lib_a-rget.o)
                0x0000000080001294                __srget_r
                0x00000000800012d6                __srget
 .text          0x000000008000131c      0x23e /home/lebhoryi/Software/riscv64-unknown-elf-toolchain-10.2.0-2020.12.8-x86_64-linux-ubuntu14/bin/../lib/gcc/riscv64-unknown-elf/10.2.0/../../../../riscv64-unknown-elf/lib/rv64imafdc/lp64d/libc.a(lib_a-setenv_r.o)
                0x000000008000131c                _setenv_r
                0x00000000800014da                _unsetenv_r
 .text          0x000000008000155a      0x196 /home/lebhoryi/Software/riscv64-unknown-elf-toolchain-10.2.0-2020.12.8-x86_64-linux-ubuntu14/bin/../lib/gcc/riscv64-unknown-elf/10.2.0/../../../../riscv64-unknown-elf/lib/rv64imafdc/lp64d/libc.a(lib_a-setvbuf.o)
                0x000000008000155a                setvbuf
 .text          0x00000000800016f0      0x12c /home/lebhoryi/Software/riscv64-unknown-elf-toolchain-10.2.0-2020.12.8-x86_64-linux-ubuntu14/bin/../lib/gcc/riscv64-unknown-elf/10.2.0/../../../../riscv64-unknown-elf/lib/rv64imafdc/lp64d/libc.a(lib_a-snprintf.o)
                0x00000000800016f0                _snprintf_r
                0x0000000080001782                snprintf
 .text          0x000000008000181c       0xda /home/lebhoryi/Software/riscv64-unknown-elf-toolchain-10.2.0-2020.12.8-x86_64-linux-ubuntu14/bin/../lib/gcc/riscv64-unknown-elf/10.2.0/../../../../riscv64-unknown-elf/lib/rv64imafdc/lp64d/libc.a(lib_a-stdio.o)
                0x000000008000181c                __sread
                0x0000000080001854                __seofread
                0x0000000080001858                __swrite
                0x00000000800018ac                __sseek
                0x00000000800018ee                __sclose
 .text          0x00000000800018f6       0x50 /home/lebhoryi/Software/riscv64-unknown-elf-toolchain-10.2.0-2020.12.8-x86_64-linux-ubuntu14/bin/../lib/gcc/riscv64-unknown-elf/10.2.0/../../../../riscv64-unknown-elf/lib/rv64imafdc/lp64d/libc.a(lib_a-strcat.o)
                0x00000000800018f6                strcat
 .text          0x0000000080001946       0xea /home/lebhoryi/Software/riscv64-unknown-elf-toolchain-10.2.0-2020.12.8-x86_64-linux-ubuntu14/bin/../lib/gcc/riscv64-unknown-elf/10.2.0/../../../../riscv64-unknown-elf/lib/rv64imafdc/lp64d/libc.a(lib_a-strchr.o)
                0x0000000080001946                strchr
 .text          0x0000000080001a30       0xea /home/lebhoryi/Software/riscv64-unknown-elf-toolchain-10.2.0-2020.12.8-x86_64-linux-ubuntu14/bin/../lib/gcc/riscv64-unknown-elf/10.2.0/../../../../riscv64-unknown-elf/lib/rv64imafdc/lp64d/libc.a(lib_a-strcmp.o)
                0x0000000080001a30                strcmp
 .text          0x0000000080001b1a       0xa0 /home/lebhoryi/Software/riscv64-unknown-elf-toolchain-10.2.0-2020.12.8-x86_64-linux-ubuntu14/bin/../lib/gcc/riscv64-unknown-elf/10.2.0/../../../../riscv64-unknown-elf/lib/rv64imafdc/lp64d/libc.a(lib_a-strcpy.o)
                0x0000000080001b1a                strcpy
 .text          0x0000000080001bba       0x3a /home/lebhoryi/Software/riscv64-unknown-elf-toolchain-10.2.0-2020.12.8-x86_64-linux-ubuntu14/bin/../lib/gcc/riscv64-unknown-elf/10.2.0/../../../../riscv64-unknown-elf/lib/rv64imafdc/lp64d/libc.a(lib_a-strdup_r.o)
                0x0000000080001bba                _strdup_r
 .text          0x0000000080001bf4       0x94 /home/lebhoryi/Software/riscv64-unknown-elf-toolchain-10.2.0-2020.12.8-x86_64-linux-ubuntu14/bin/../lib/gcc/riscv64-unknown-elf/10.2.0/../../../../riscv64-unknown-elf/lib/rv64imafdc/lp64d/libc.a(lib_a-strlen.o)
                0x0000000080001bf4                strlen
 .text          0x0000000080001c88       0x94 /home/lebhoryi/Software/riscv64-unknown-elf-toolchain-10.2.0-2020.12.8-x86_64-linux-ubuntu14/bin/../lib/gcc/riscv64-unknown-elf/10.2.0/../../../../riscv64-unknown-elf/lib/rv64imafdc/lp64d/libc.a(lib_a-strncmp.o)
                0x0000000080001c88                strncmp
 .text          0x0000000080001d1c       0x7a /home/lebhoryi/Software/riscv64-unknown-elf-toolchain-10.2.0-2020.12.8-x86_64-linux-ubuntu14/bin/../lib/gcc/riscv64-unknown-elf/10.2.0/../../../../riscv64-unknown-elf/lib/rv64imafdc/lp64d/libc.a(lib_a-strncpy.o)
                0x0000000080001d1c                strncpy
 .text          0x0000000080001d96       0x30 /home/lebhoryi/Software/riscv64-unknown-elf-toolchain-10.2.0-2020.12.8-x86_64-linux-ubuntu14/bin/../lib/gcc/riscv64-unknown-elf/10.2.0/../../../../riscv64-unknown-elf/lib/rv64imafdc/lp64d/libc.a(lib_a-strrchr.o)
                0x0000000080001d96                strrchr
 .text          0x0000000080001dc6      0x4d4 /home/lebhoryi/Software/riscv64-unknown-elf-toolchain-10.2.0-2020.12.8-x86_64-linux-ubuntu14/bin/../lib/gcc/riscv64-unknown-elf/10.2.0/../../../../riscv64-unknown-elf/lib/rv64imafdc/lp64d/libc.a(lib_a-strstr.o)
                0x00000000800020c4                strstr
 .text          0x000000008000229a     0x1c60 /home/lebhoryi/Software/riscv64-unknown-elf-toolchain-10.2.0-2020.12.8-x86_64-linux-ubuntu14/bin/../lib/gcc/riscv64-unknown-elf/10.2.0/../../../../riscv64-unknown-elf/lib/rv64imafdc/lp64d/libc.a(lib_a-svfprintf.o)
                0x000000008000229a                _svfprintf_r
 .text          0x0000000080003efa     0x1d34 /home/lebhoryi/Software/riscv64-unknown-elf-toolchain-10.2.0-2020.12.8-x86_64-linux-ubuntu14/bin/../lib/gcc/riscv64-unknown-elf/10.2.0/../../../../riscv64-unknown-elf/lib/rv64imafdc/lp64d/libc.a(lib_a-vfprintf.o)
                0x0000000080003efa                _vfprintf_r
                0x0000000080005b88                vfprintf
 .text          0x0000000080005c2e       0xfc /home/lebhoryi/Software/riscv64-unknown-elf-toolchain-10.2.0-2020.12.8-x86_64-linux-ubuntu14/bin/../lib/gcc/riscv64-unknown-elf/10.2.0/../../../../riscv64-unknown-elf/lib/rv64imafdc/lp64d/libc.a(lib_a-wsetup.o)
                0x0000000080005c2e                __swsetup_r
 .text          0x0000000080005d2a        0x4 /home/lebhoryi/Software/riscv64-unknown-elf-toolchain-10.2.0-2020.12.8-x86_64-linux-ubuntu14/bin/../lib/gcc/riscv64-unknown-elf/10.2.0/../../../../riscv64-unknown-elf/lib/rv64imafdc/lp64d/libc.a(lib_a-envlock.o)
                0x0000000080005d2a                __env_lock
                0x0000000080005d2c                __env_unlock
 .text          0x0000000080005d2e       0x80 /home/lebhoryi/Software/riscv64-unknown-elf-toolchain-10.2.0-2020.12.8-x86_64-linux-ubuntu14/bin/../lib/gcc/riscv64-unknown-elf/10.2.0/../../../../riscv64-unknown-elf/lib/rv64imafdc/lp64d/libc.a(lib_a-flags.o)
                0x0000000080005d2e                __sflags
 .text          0x0000000080005dae       0xba /home/lebhoryi/Software/riscv64-unknown-elf-toolchain-10.2.0-2020.12.8-x86_64-linux-ubuntu14/bin/../lib/gcc/riscv64-unknown-elf/10.2.0/../../../../riscv64-unknown-elf/lib/rv64imafdc/lp64d/libc.a(lib_a-getenv_r.o)
                0x0000000080005dae                _findenv_r
                0x0000000080005e58                _getenv_r
 .text          0x0000000080005e68     0x20c0 /home/lebhoryi/Software/riscv64-unknown-elf-toolchain-10.2.0-2020.12.8-x86_64-linux-ubuntu14/bin/../lib/gcc/riscv64-unknown-elf/10.2.0/../../../../riscv64-unknown-elf/lib/rv64imafdc/lp64d/libc.a(lib_a-ldtoa.o)
                0x00000000800070d6                _ldtoa_r
                0x0000000080007ee6                _ldcheck
 .text          0x0000000080007f28       0x1a /home/lebhoryi/Software/riscv64-unknown-elf-toolchain-10.2.0-2020.12.8-x86_64-linux-ubuntu14/bin/../lib/gcc/riscv64-unknown-elf/10.2.0/../../../../riscv64-unknown-elf/lib/rv64imafdc/lp64d/libc.a(lib_a-localeconv.o)
                0x0000000080007f28                __localeconv_l
                0x0000000080007f2e                _localeconv_r
                0x0000000080007f38                localeconv
 .text          0x0000000080007f42       0xba /home/lebhoryi/Software/riscv64-unknown-elf-toolchain-10.2.0-2020.12.8-x86_64-linux-ubuntu14/bin/../lib/gcc/riscv64-unknown-elf/10.2.0/../../../../riscv64-unknown-elf/lib/rv64imafdc/lp64d/libc.a(lib_a-locale.o)
                0x0000000080007f42                _setlocale_r
                0x0000000080007f9a                __locale_mb_cur_max
                0x0000000080007fa4                setlocale
 .text          0x0000000080007ffc       0x1c /home/lebhoryi/Software/riscv64-unknown-elf-toolchain-10.2.0-2020.12.8-x86_64-linux-ubuntu14/bin/../lib/gcc/riscv64-unknown-elf/10.2.0/../../../../riscv64-unknown-elf/lib/rv64imafdc/lp64d/libc.a(lib_a-malloc.o)
                0x0000000080007ffc                malloc
                0x000000008000800a                free
 .text          0x0000000080008018       0x4a /home/lebhoryi/Software/riscv64-unknown-elf-toolchain-10.2.0-2020.12.8-x86_64-linux-ubuntu14/bin/../lib/gcc/riscv64-unknown-elf/10.2.0/../../../../riscv64-unknown-elf/lib/rv64imafdc/lp64d/libc.a(lib_a-mbtowc_r.o)
                0x0000000080008018                _mbtowc_r
                0x0000000080008022                __ascii_mbtowc
 .text          0x0000000080008062       0x96 /home/lebhoryi/Software/riscv64-unknown-elf-toolchain-10.2.0-2020.12.8-x86_64-linux-ubuntu14/bin/../lib/gcc/riscv64-unknown-elf/10.2.0/../../../../riscv64-unknown-elf/lib/rv64imafdc/lp64d/libc.a(lib_a-memchr.o)
                0x0000000080008062                memchr
 .text          0x00000000800080f8      0xcc0 /home/lebhoryi/Software/riscv64-unknown-elf-toolchain-10.2.0-2020.12.8-x86_64-linux-ubuntu14/bin/../lib/gcc/riscv64-unknown-elf/10.2.0/../../../../riscv64-unknown-elf/lib/rv64imafdc/lp64d/libc.a(lib_a-mprec.o)
                0x00000000800080f8                _Balloc
                0x000000008000815a                _Bfree
                0x000000008000816c                __multadd
                0x0000000080008256                __s2b
                0x000000008000833e                __hi0bits
                0x000000008000838c                __lo0bits
                0x0000000080008424                __i2b
                0x0000000080008490                __multiply
                0x000000008000863c                __pow5mult
                0x000000008000871a                __lshift
                0x0000000080008844                __mcmp
                0x000000008000887c                __mdiff
                0x0000000080008a24                __ulp
                0x0000000080008a84                __b2d
                0x0000000080008b7c                __d2b
                0x0000000080008c74                __ratio
                0x0000000080008cf8                _mprec_log10
                0x0000000080008d28                __copybits
                0x0000000080008d70                __any_on
 .text          0x0000000080008db8       0x80 /home/lebhoryi/Software/riscv64-unknown-elf-toolchain-10.2.0-2020.12.8-x86_64-linux-ubuntu14/bin/../lib/gcc/riscv64-unknown-elf/10.2.0/../../../../riscv64-unknown-elf/lib/rv64imafdc/lp64d/libc.a(lib_a-s_frexp.o)
                0x0000000080008db8                frexp
 .text          0x0000000080008e38       0x90 /home/lebhoryi/Software/riscv64-unknown-elf-toolchain-10.2.0-2020.12.8-x86_64-linux-ubuntu14/bin/../lib/gcc/riscv64-unknown-elf/10.2.0/../../../../riscv64-unknown-elf/lib/rv64imafdc/lp64d/libc.a(lib_a-sprintf.o)
                0x0000000080008e38                _sprintf_r
                0x0000000080008e7a                sprintf
 .text          0x0000000080008ec8       0x26 /home/lebhoryi/Software/riscv64-unknown-elf-toolchain-10.2.0-2020.12.8-x86_64-linux-ubuntu14/bin/../lib/gcc/riscv64-unknown-elf/10.2.0/../../../../riscv64-unknown-elf/lib/rv64imafdc/lp64d/libc.a(lib_a-strnlen.o)
                0x0000000080008ec8                strnlen
 .text          0x0000000080008eee      0xc86 /home/lebhoryi/Software/riscv64-unknown-elf-toolchain-10.2.0-2020.12.8-x86_64-linux-ubuntu14/bin/../lib/gcc/riscv64-unknown-elf/10.2.0/../../../../riscv64-unknown-elf/lib/rv64imafdc/lp64d/libc.a(lib_a-svfiprintf.o)
                0x0000000080008eee                __ssprint_r
                0x000000008000904c                _svfiprintf_r
 .text          0x0000000080009b74      0xdb4 /home/lebhoryi/Software/riscv64-unknown-elf-toolchain-10.2.0-2020.12.8-x86_64-linux-ubuntu14/bin/../lib/gcc/riscv64-unknown-elf/10.2.0/../../../../riscv64-unknown-elf/lib/rv64imafdc/lp64d/libc.a(lib_a-vfiprintf.o)
                0x0000000080009c18                __sprint_r
                0x0000000080009c26                _vfiprintf_r
                0x000000008000a882                vfiprintf
 .text          0x000000008000a928       0x2e /home/lebhoryi/Software/riscv64-unknown-elf-toolchain-10.2.0-2020.12.8-x86_64-linux-ubuntu14/bin/../lib/gcc/riscv64-unknown-elf/10.2.0/../../../../riscv64-unknown-elf/lib/rv64imafdc/lp64d/libc.a(lib_a-wctomb_r.o)
                0x000000008000a928                _wctomb_r
                0x000000008000a932                __ascii_wctomb
 .text          0x000000008000a956       0x50 /home/lebhoryi/Software/riscv64-unknown-elf-toolchain-10.2.0-2020.12.8-x86_64-linux-ubuntu14/bin/../lib/gcc/riscv64-unknown-elf/10.2.0/../../../../riscv64-unknown-elf/lib/rv64imafdc/lp64d/libc.a(lib_a-assert.o)
                0x000000008000a956                __assert_func
                0x000000008000a99a                __assert
 .text          0x000000008000a9a6       0x4e /home/lebhoryi/Software/riscv64-unknown-elf-toolchain-10.2.0-2020.12.8-x86_64-linux-ubuntu14/bin/../lib/gcc/riscv64-unknown-elf/10.2.0/../../../../riscv64-unknown-elf/lib/rv64imafdc/lp64d/libc.a(lib_a-fiprintf.o)
                0x000000008000a9a6                _fiprintf_r
                0x000000008000a9c6                fiprintf
 .text          0x000000008000a9f4      0x13a /home/lebhoryi/Software/riscv64-unknown-elf-toolchain-10.2.0-2020.12.8-x86_64-linux-ubuntu14/bin/../lib/gcc/riscv64-unknown-elf/10.2.0/../../../../riscv64-unknown-elf/lib/rv64imafdc/lp64d/libc.a(lib_a-fputwc.o)
                0x000000008000a9f4                __fputwc
                0x000000008000aaba                _fputwc_r
                0x000000008000aadc                fputwc
 .text          0x000000008000ab2e      0x32a /home/lebhoryi/Software/riscv64-unknown-elf-toolchain-10.2.0-2020.12.8-x86_64-linux-ubuntu14/bin/../lib/gcc/riscv64-unknown-elf/10.2.0/../../../../riscv64-unknown-elf/lib/rv64imafdc/lp64d/libc.a(lib_a-fvwrite.o)
                0x000000008000ab2e                __sfvwrite_r
 .text          0x000000008000ae58       0xd6 /home/lebhoryi/Software/riscv64-unknown-elf-toolchain-10.2.0-2020.12.8-x86_64-linux-ubuntu14/bin/../lib/gcc/riscv64-unknown-elf/10.2.0/../../../../riscv64-unknown-elf/lib/rv64imafdc/lp64d/libc.a(lib_a-memmove-stub.o)
                0x000000008000ae58                memmove
 .text          0x000000008000af2e      0x106 /home/lebhoryi/Software/riscv64-unknown-elf-toolchain-10.2.0-2020.12.8-x86_64-linux-ubuntu14/bin/../lib/gcc/riscv64-unknown-elf/10.2.0/../../../../riscv64-unknown-elf/lib/rv64imafdc/lp64d/libc.a(lib_a-wbuf.o)
                0x000000008000af2e                __swbuf_r
                0x000000008000b026                __swbuf
 .text          0x000000008000b034       0xa2 /home/lebhoryi/Software/riscv64-unknown-elf-toolchain-10.2.0-2020.12.8-x86_64-linux-ubuntu14/bin/../lib/gcc/riscv64-unknown-elf/10.2.0/../../../../riscv64-unknown-elf/lib/rv64imafdc/lp64d/libc.a(lib_a-wcrtomb.o)
                0x000000008000b034                _wcrtomb_r
                0x000000008000b07c                wcrtomb
 .text          0x000000008000b0d6       0x10 /home/lebhoryi/Software/riscv64-unknown-elf-toolchain-10.2.0-2020.12.8-x86_64-linux-ubuntu14/bin/../lib/gcc/riscv64-unknown-elf/10.2.0/../../../../riscv64-unknown-elf/lib/rv64imafdc/lp64d/libc.a(lib_a-abort.o)
                0x000000008000b0d6                abort
 .text          0x000000008000b0e6      0x366 /home/lebhoryi/Software/riscv64-unknown-elf-toolchain-10.2.0-2020.12.8-x86_64-linux-ubuntu14/bin/../lib/gcc/riscv64-unknown-elf/10.2.0/../../../../riscv64-unknown-elf/lib/rv64imafdc/lp64d/libc.a(lib_a-signal.o)
                0x000000008000b0e6                _init_signal_r
                0x000000008000b122                _signal_r
                0x000000008000b186                _raise_r
                0x000000008000b204                __sigtramp_r
                0x000000008000b28c                raise
                0x000000008000b30e                signal
                0x000000008000b37e                _init_signal
                0x000000008000b3c0                __sigtramp
 .text          0x000000008000b44c       0x94 /home/lebhoryi/Software/riscv64-unknown-elf-toolchain-10.2.0-2020.12.8-x86_64-linux-ubuntu14/bin/../lib/gcc/riscv64-unknown-elf/10.2.0/rv64imafdc/lp64d/libgcc.a(eqtf2.o)
                0x000000008000b44c                __eqtf2
                0x000000008000b44c                __netf2
 .text          0x000000008000b4e0       0xa6 /home/lebhoryi/Software/riscv64-unknown-elf-toolchain-10.2.0-2020.12.8-x86_64-linux-ubuntu14/bin/../lib/gcc/riscv64-unknown-elf/10.2.0/rv64imafdc/lp64d/libgcc.a(getf2.o)
                0x000000008000b4e0                __getf2
                0x000000008000b4e0                __gttf2
 .text          0x000000008000b586       0xa6 /home/lebhoryi/Software/riscv64-unknown-elf-toolchain-10.2.0-2020.12.8-x86_64-linux-ubuntu14/bin/../lib/gcc/riscv64-unknown-elf/10.2.0/rv64imafdc/lp64d/libgcc.a(letf2.o)
                0x000000008000b586                __letf2
                0x000000008000b586                __lttf2
 .text          0x000000008000b62c      0x606 /home/lebhoryi/Software/riscv64-unknown-elf-toolchain-10.2.0-2020.12.8-x86_64-linux-ubuntu14/bin/../lib/gcc/riscv64-unknown-elf/10.2.0/rv64imafdc/lp64d/libgcc.a(multf3.o)
                0x000000008000b62c                __multf3
 .text          0x000000008000bc32      0x82c /home/lebhoryi/Software/riscv64-unknown-elf-toolchain-10.2.0-2020.12.8-x86_64-linux-ubuntu14/bin/../lib/gcc/riscv64-unknown-elf/10.2.0/rv64imafdc/lp64d/libgcc.a(subtf3.o)
                0x000000008000bc32                __subtf3
 .text          0x000000008000c45e       0x90 /home/lebhoryi/Software/riscv64-unknown-elf-toolchain-10.2.0-2020.12.8-x86_64-linux-ubuntu14/bin/../lib/gcc/riscv64-unknown-elf/10.2.0/rv64imafdc/lp64d/libgcc.a(fixtfsi.o)
                0x000000008000c45e                __fixtfsi
 .text          0x000000008000c4ee       0x58 /home/lebhoryi/Software/riscv64-unknown-elf-toolchain-10.2.0-2020.12.8-x86_64-linux-ubuntu14/bin/../lib/gcc/riscv64-unknown-elf/10.2.0/rv64imafdc/lp64d/libgcc.a(floatsitf.o)
                0x000000008000c4ee                __floatsitf
 .text          0x000000008000c546       0xc2 /home/lebhoryi/Software/riscv64-unknown-elf-toolchain-10.2.0-2020.12.8-x86_64-linux-ubuntu14/bin/../lib/gcc/riscv64-unknown-elf/10.2.0/rv64imafdc/lp64d/libgcc.a(extenddftf2.o)
                0x000000008000c546                __extenddftf2
 .text          0x000000008000c608      0x22c /home/lebhoryi/Software/riscv64-unknown-elf-toolchain-10.2.0-2020.12.8-x86_64-linux-ubuntu14/bin/../lib/gcc/riscv64-unknown-elf/10.2.0/rv64imafdc/lp64d/libgcc.a(trunctfdf2.o)
                0x000000008000c608                __trunctfdf2
 .text          0x000000008000c834       0x30 /home/lebhoryi/Software/riscv64-unknown-elf-toolchain-10.2.0-2020.12.8-x86_64-linux-ubuntu14/bin/../lib/gcc/riscv64-unknown-elf/10.2.0/rv64imafdc/lp64d/libgcc.a(_clzsi2.o)
                0x000000008000c834                __clzdi2
 *(.text.*)
 .text.main     0x000000008000c864       0x20 build/applications/main.o
                0x000000008000c864                main
 .text.virt_uart_init
                0x000000008000c884       0x8e build/driver/drv_uart.o
                0x000000008000c884                virt_uart_init
 .text.rt_uart_configure
                0x000000008000c912       0x4e build/driver/drv_uart.o
 .text.uart_control
                0x000000008000c960       0x78 build/driver/drv_uart.o
 .text.drv_uart_putc
                0x000000008000c9d8       0x40 build/driver/drv_uart.o
 .text.drv_uart_getc
                0x000000008000ca18       0x3a build/driver/drv_uart.o
 .text.rt_hw_uart_isr
                0x000000008000ca52       0x2e build/driver/drv_uart.o
 .text.rt_hw_uart_init
                0x000000008000ca80      0x120 build/driver/drv_uart.o
                0x000000008000ca80                rt_hw_uart_init
 .text.r_mhartid
                0x000000008000cba0       0x1a build/driver/plic.o
 .text.plic_set_priority
                0x000000008000cbba       0x36 build/driver/plic.o
                0x000000008000cbba                plic_set_priority
 .text.plic_irq_enable
                0x000000008000cbf0       0x80 build/driver/plic.o
                0x000000008000cbf0                plic_irq_enable
 .text.plic_set_threshold
                0x000000008000cc70       0x3e build/driver/plic.o
                0x000000008000cc70                plic_set_threshold
 .text.plic_claim
                0x000000008000ccae       0x3c build/driver/plic.o
                0x000000008000ccae                plic_claim
 .text.plic_complete
                0x000000008000ccea       0x40 build/driver/plic.o
                0x000000008000ccea                plic_complete
 .text.sbi_call
                0x000000008000cd2a       0x78 build/driver/board.o
 .text.sbi_shutdown
                0x000000008000cda2       0x24 build/driver/board.o
 .text.primary_cpu_entry
                0x000000008000cdc6       0x3e build/driver/board.o
                0x000000008000cdc6                primary_cpu_entry
 .text.rt_hw_board_init
                0x000000008000ce04       0x70 build/driver/board.o
                0x000000008000ce04                rt_hw_board_init
 .text.rt_hw_cpu_reset
                0x000000008000ce74        0xe build/driver/board.o
                0x000000008000ce74                rt_hw_cpu_reset
 .text.rt_list_remove
                0x000000008000ce82       0x44 build/kernel/src/idle.o
 .text._has_defunct_thread
                0x000000008000cec6       0x32 build/kernel/src/idle.o
 .text.rt_thread_idle_excute
                0x000000008000cef8       0xae build/kernel/src/idle.o
                0x000000008000cef8                rt_thread_idle_excute
 .text.rt_thread_idle_entry
                0x000000008000cfa6       0x54 build/kernel/src/idle.o
 .text.rt_thread_idle_init
                0x000000008000cffa       0xa0 build/kernel/src/idle.o
                0x000000008000cffa                rt_thread_idle_init
 .text.rt_set_errno
                0x000000008000d09a       0x5c build/kernel/src/kservice.o
                0x000000008000d09a                rt_set_errno
 .text._rt_errno
                0x000000008000d0f6       0x44 build/kernel/src/kservice.o
                0x000000008000d0f6                _rt_errno
 .text.rt_memset
                0x000000008000d13a      0x138 build/kernel/src/kservice.o
                0x000000008000d13a                rt_memset
 .text.rt_memcpy
                0x000000008000d272      0x162 build/kernel/src/kservice.o
                0x000000008000d272                rt_memcpy
 .text.rt_memmove
                0x000000008000d3d4       0xcc build/kernel/src/kservice.o
                0x000000008000d3d4                rt_memmove
 .text.rt_strncpy
                0x000000008000d4a0       0x8e build/kernel/src/kservice.o
                0x000000008000d4a0                rt_strncpy
 .text.rt_strncmp
                0x000000008000d52e       0x72 build/kernel/src/kservice.o
                0x000000008000d52e                rt_strncmp
 .text.rt_strcmp
                0x000000008000d5a0       0x66 build/kernel/src/kservice.o
                0x000000008000d5a0                rt_strcmp
 .text.rt_strlen
                0x000000008000d606       0x3c build/kernel/src/kservice.o
                0x000000008000d606                rt_strlen
 .text.rt_strdup
                0x000000008000d642       0x50 build/kernel/src/kservice.o
                0x000000008000d642                rt_strdup
 .text.rt_show_version
                0x000000008000d692       0x50 build/kernel/src/kservice.o
                0x000000008000d692                rt_show_version
 .text.divide   0x000000008000d6e2       0x72 build/kernel/src/kservice.o
 .text.skip_atoi
                0x000000008000d754       0x6c build/kernel/src/kservice.o
 .text.print_number
                0x000000008000d7c0      0x2d8 build/kernel/src/kservice.o
 .text.rt_vsnprintf
                0x000000008000da98      0x6f0 build/kernel/src/kservice.o
                0x000000008000da98                rt_vsnprintf
 .text.rt_snprintf
                0x000000008000e188       0x60 build/kernel/src/kservice.o
                0x000000008000e188                rt_snprintf
 .text.rt_vsprintf
                0x000000008000e1e8       0x32 build/kernel/src/kservice.o
                0x000000008000e1e8                rt_vsprintf
 .text.rt_sprintf
                0x000000008000e21a       0x5a build/kernel/src/kservice.o
                0x000000008000e21a                rt_sprintf
 .text.rt_console_get_device
                0x000000008000e274       0x18 build/kernel/src/kservice.o
                0x000000008000e274                rt_console_get_device
 .text.rt_console_set_device
                0x000000008000e28c       0x80 build/kernel/src/kservice.o
                0x000000008000e28c                rt_console_set_device
 .text.rt_hw_console_output
                0x000000008000e30c       0x12 build/kernel/src/kservice.o
                0x000000008000e30c                rt_hw_console_output
 .text.rt_kprintf
                0x000000008000e31e       0xf0 build/kernel/src/kservice.o
                0x000000008000e31e                rt_kprintf
 .text.__rt_ffs
                0x000000008000e40e       0xd8 build/kernel/src/kservice.o
                0x000000008000e40e                __rt_ffs
 .text.rt_assert_handler
                0x000000008000e4e6       0x6c build/kernel/src/kservice.o
                0x000000008000e4e6                rt_assert_handler
 .text.rt_list_init
                0x000000008000e552       0x28 build/kernel/src/timer.o
 .text.rt_list_insert_after
                0x000000008000e57a       0x42 build/kernel/src/timer.o
 .text.rt_list_remove
                0x000000008000e5bc       0x44 build/kernel/src/timer.o
 .text.rt_list_isempty
                0x000000008000e600       0x2a build/kernel/src/timer.o
 .text._rt_timer_init
                0x000000008000e62a       0xa4 build/kernel/src/timer.o
 .text.rt_timer_list_next_timeout
                0x000000008000e6ce       0x54 build/kernel/src/timer.o
 .text._rt_timer_remove
                0x000000008000e722       0x48 build/kernel/src/timer.o
 .text.rt_timer_init
                0x000000008000e76a       0x7a build/kernel/src/timer.o
                0x000000008000e76a                rt_timer_init
 .text.rt_timer_detach
                0x000000008000e7e4       0xc0 build/kernel/src/timer.o
                0x000000008000e7e4                rt_timer_detach
 .text.rt_timer_start
                0x000000008000e8a4      0x33a build/kernel/src/timer.o
                0x000000008000e8a4                rt_timer_start
 .text.rt_timer_stop
                0x000000008000ebde       0xc2 build/kernel/src/timer.o
                0x000000008000ebde                rt_timer_stop
 .text.rt_timer_control
                0x000000008000eca0      0x11e build/kernel/src/timer.o
                0x000000008000eca0                rt_timer_control
 .text.rt_timer_check
                0x000000008000edbe      0x16e build/kernel/src/timer.o
                0x000000008000edbe                rt_timer_check
 .text.rt_soft_timer_check
                0x000000008000ef2c      0x182 build/kernel/src/timer.o
                0x000000008000ef2c                rt_soft_timer_check
 .text.rt_thread_timer_entry
                0x000000008000f0ae       0x84 build/kernel/src/timer.o
 .text.rt_system_timer_init
                0x000000008000f132       0x44 build/kernel/src/timer.o
                0x000000008000f132                rt_system_timer_init
 .text.rt_system_timer_thread_init
                0x000000008000f176       0x7a build/kernel/src/timer.o
                0x000000008000f176                rt_system_timer_thread_init
 .text.rt_list_insert_after
                0x000000008000f1f0       0x42 build/kernel/src/object.o
 .text.rt_list_remove
                0x000000008000f232       0x44 build/kernel/src/object.o
 .text.rt_object_get_information
                0x000000008000f276       0x64 build/kernel/src/object.o
                0x000000008000f276                rt_object_get_information
 .text.rt_object_init
                0x000000008000f2da      0x11a build/kernel/src/object.o
                0x000000008000f2da                rt_object_init
 .text.rt_object_detach
                0x000000008000f3f4       0x74 build/kernel/src/object.o
                0x000000008000f3f4                rt_object_detach
 .text.rt_object_allocate
                0x000000008000f468      0x126 build/kernel/src/object.o
                0x000000008000f468                rt_object_allocate
 .text.rt_object_delete
                0x000000008000f58e       0xa8 build/kernel/src/object.o
                0x000000008000f58e                rt_object_delete
 .text.rt_object_is_systemobject
                0x000000008000f636       0x4e build/kernel/src/object.o
                0x000000008000f636                rt_object_is_systemobject
 .text.rt_object_get_type
                0x000000008000f684       0x44 build/kernel/src/object.o
                0x000000008000f684                rt_object_get_type
 .text.rt_object_find
                0x000000008000f6c8       0xe2 build/kernel/src/object.o
                0x000000008000f6c8                rt_object_find
 .text.rt_interrupt_enter
                0x000000008000f7aa       0x5c build/kernel/src/irq.o
                0x000000008000f7aa                rt_interrupt_enter
 .text.rt_interrupt_leave
                0x000000008000f806       0x5c build/kernel/src/irq.o
                0x000000008000f806                rt_interrupt_leave
 .text.rt_interrupt_get_nest
                0x000000008000f862       0x36 build/kernel/src/irq.o
                0x000000008000f862                rt_interrupt_get_nest
 .text.rti_start
                0x000000008000f898       0x10 build/kernel/src/components.o
 .text.rti_board_start
                0x000000008000f8a8       0x10 build/kernel/src/components.o
 .text.rti_board_end
                0x000000008000f8b8       0x10 build/kernel/src/components.o
 .text.rti_end  0x000000008000f8c8       0x10 build/kernel/src/components.o
 .text.rt_components_board_init
                0x000000008000f8d8       0x44 build/kernel/src/components.o
                0x000000008000f8d8                rt_components_board_init
 .text.rt_components_init
                0x000000008000f91c       0x44 build/kernel/src/components.o
                0x000000008000f91c                rt_components_init
 .text.entry    0x000000008000f960       0x18 build/kernel/src/components.o
                0x000000008000f960                entry
 .text.main_thread_entry
                0x000000008000f978       0x1e build/kernel/src/components.o
                0x000000008000f978                main_thread_entry
 .text.rt_application_init
                0x000000008000f996       0x58 build/kernel/src/components.o
                0x000000008000f996                rt_application_init
 .text.rtthread_startup
                0x000000008000f9ee       0x38 build/kernel/src/components.o
                0x000000008000f9ee                rtthread_startup
 .text.rt_list_init
                0x000000008000fa26       0x28 build/kernel/src/thread.o
 .text.rt_list_insert_after
                0x000000008000fa4e       0x42 build/kernel/src/thread.o
 .text.rt_list_remove
                0x000000008000fa90       0x44 build/kernel/src/thread.o
 .text._thread_cleanup_execute
                0x000000008000fad4       0x3a build/kernel/src/thread.o
 .text.rt_thread_exit
                0x000000008000fb0e       0x88 build/kernel/src/thread.o
                0x000000008000fb0e                rt_thread_exit
 .text._rt_thread_init
                0x000000008000fb96      0x17a build/kernel/src/thread.o
 .text.rt_thread_init
                0x000000008000fd10       0xae build/kernel/src/thread.o
                0x000000008000fd10                rt_thread_init
 .text.rt_thread_self
                0x000000008000fdbe       0x18 build/kernel/src/thread.o
                0x000000008000fdbe                rt_thread_self
 .text.rt_thread_startup
                0x000000008000fdd6       0xd0 build/kernel/src/thread.o
                0x000000008000fdd6                rt_thread_startup
 .text.rt_thread_detach
                0x000000008000fea6       0xee build/kernel/src/thread.o
                0x000000008000fea6                rt_thread_detach
 .text.rt_thread_create
                0x000000008000ff94       0x9a build/kernel/src/thread.o
                0x000000008000ff94                rt_thread_create
 .text.rt_thread_delete
                0x000000008001002e       0xfc build/kernel/src/thread.o
                0x000000008001002e                rt_thread_delete
 .text.rt_thread_sleep
                0x000000008001012a       0xbe build/kernel/src/thread.o
                0x000000008001012a                rt_thread_sleep
 .text.rt_thread_delay
                0x00000000800101e8       0x24 build/kernel/src/thread.o
                0x00000000800101e8                rt_thread_delay
 .text.rt_thread_control
                0x000000008001020c      0x174 build/kernel/src/thread.o
                0x000000008001020c                rt_thread_control
 .text.rt_thread_suspend
                0x0000000080010380      0x120 build/kernel/src/thread.o
                0x0000000080010380                rt_thread_suspend
 .text.rt_thread_resume
                0x00000000800104a0       0xca build/kernel/src/thread.o
                0x00000000800104a0                rt_thread_resume
 .text.rt_thread_timeout
                0x000000008001056a       0xb6 build/kernel/src/thread.o
                0x000000008001056a                rt_thread_timeout
 .text.rt_list_init
                0x0000000080010620       0x28 build/kernel/src/device.o
 .text.rt_wqueue_init
                0x0000000080010648       0x48 build/kernel/src/device.o
 .text.rt_device_register
                0x0000000080010690       0x7e build/kernel/src/device.o
                0x0000000080010690                rt_device_register
 .text.rt_device_find
                0x000000008001070e       0x22 build/kernel/src/device.o
                0x000000008001070e                rt_device_find
 .text.rt_device_open
                0x0000000080010730      0x192 build/kernel/src/device.o
                0x0000000080010730                rt_device_open
 .text.rt_device_close
                0x00000000800108c2       0xca build/kernel/src/device.o
                0x00000000800108c2                rt_device_close
 .text.rt_device_read
                0x000000008001098c       0xac build/kernel/src/device.o
                0x000000008001098c                rt_device_read
 .text.rt_device_write
                0x0000000080010a38       0xac build/kernel/src/device.o
                0x0000000080010a38                rt_device_write
 .text.rt_device_control
                0x0000000080010ae4       0x8e build/kernel/src/device.o
                0x0000000080010ae4                rt_device_control
 .text.rt_device_set_rx_indicate
                0x0000000080010b72       0x70 build/kernel/src/device.o
                0x0000000080010b72                rt_device_set_rx_indicate
 .text.rt_tick_get
                0x0000000080010be2       0x18 build/kernel/src/clock.o
                0x0000000080010be2                rt_tick_get
 .text.rt_tick_increase
                0x0000000080010bfa       0x78 build/kernel/src/clock.o
                0x0000000080010bfa                rt_tick_increase
 .text.rt_tick_from_millisecond
                0x0000000080010c72       0x80 build/kernel/src/clock.o
                0x0000000080010c72                rt_tick_from_millisecond
 .text.rt_mem_setname
                0x0000000080010cf2       0x8e build/kernel/src/mem.o
 .text.plug_holes
                0x0000000080010d80      0x19e build/kernel/src/mem.o
 .text.rt_system_heap_init
                0x0000000080010f1e      0x1da build/kernel/src/mem.o
                0x0000000080010f1e                rt_system_heap_init
 .text.rt_malloc
                0x00000000800110f8      0x43a build/kernel/src/mem.o
                0x00000000800110f8                rt_malloc
 .text.rt_realloc
                0x0000000080011532      0x286 build/kernel/src/mem.o
                0x0000000080011532                rt_realloc
 .text.rt_calloc
                0x00000000800117b8       0x52 build/kernel/src/mem.o
                0x00000000800117b8                rt_calloc
 .text.rt_free  0x000000008001180a      0x24e build/kernel/src/mem.o
                0x000000008001180a                rt_free
 .text.list_mem
                0x0000000080011a58       0x5a build/kernel/src/mem.o
                0x0000000080011a58                list_mem
 .text.memcheck
                0x0000000080011ab2      0x14e build/kernel/src/mem.o
                0x0000000080011ab2                memcheck
 .text.memtrace
                0x0000000080011c00      0x1e0 build/kernel/src/mem.o
                0x0000000080011c00                memtrace
 .text.rt_list_init
                0x0000000080011de0       0x28 build/kernel/src/scheduler.o
 .text.rt_list_insert_before
                0x0000000080011e08       0x42 build/kernel/src/scheduler.o
 .text.rt_list_remove
                0x0000000080011e4a       0x44 build/kernel/src/scheduler.o
 .text.rt_list_isempty
                0x0000000080011e8e       0x2a build/kernel/src/scheduler.o
 .text._get_highest_priority_thread
                0x0000000080011eb8       0x54 build/kernel/src/scheduler.o
 .text.rt_system_scheduler_init
                0x0000000080011f0c       0x5a build/kernel/src/scheduler.o
                0x0000000080011f0c                rt_system_scheduler_init
 .text.rt_system_scheduler_start
                0x0000000080011f66       0x42 build/kernel/src/scheduler.o
                0x0000000080011f66                rt_system_scheduler_start
 .text.rt_schedule
                0x0000000080011fa8      0x248 build/kernel/src/scheduler.o
                0x0000000080011fa8                rt_schedule
 .text.rt_schedule_insert_thread
                0x00000000800121f0      0x104 build/kernel/src/scheduler.o
                0x00000000800121f0                rt_schedule_insert_thread
 .text.rt_schedule_remove_thread
                0x00000000800122f4       0x9c build/kernel/src/scheduler.o
                0x00000000800122f4                rt_schedule_remove_thread
 .text.rt_enter_critical
                0x0000000080012390       0x48 build/kernel/src/scheduler.o
                0x0000000080012390                rt_enter_critical
 .text.rt_exit_critical
                0x00000000800123d8       0x7e build/kernel/src/scheduler.o
                0x00000000800123d8                rt_exit_critical
 .text.rt_list_init
                0x0000000080012456       0x28 build/kernel/src/ipc.o
 .text.rt_list_insert_before
                0x000000008001247e       0x42 build/kernel/src/ipc.o
 .text.rt_list_isempty
                0x00000000800124c0       0x2a build/kernel/src/ipc.o
 .text.rt_ipc_object_init
                0x00000000800124ea       0x26 build/kernel/src/ipc.o
 .text.rt_ipc_list_suspend
                0x0000000080012510       0xe8 build/kernel/src/ipc.o
 .text.rt_ipc_list_resume
                0x00000000800125f8       0x2e build/kernel/src/ipc.o
 .text.rt_ipc_get_highest_priority
                0x0000000080012626       0x6a build/kernel/src/ipc.o
                0x0000000080012626                rt_ipc_get_highest_priority
 .text.rt_sem_init
                0x0000000080012690       0xa6 build/kernel/src/ipc.o
                0x0000000080012690                rt_sem_init
 .text.rt_sem_take
                0x0000000080012736      0x1e2 build/kernel/src/ipc.o
                0x0000000080012736                rt_sem_take
 .text.rt_sem_release
                0x0000000080012918       0xfe build/kernel/src/ipc.o
                0x0000000080012918                rt_sem_release
 .text.rt_mutex_init
                0x0000000080012a16       0x8a build/kernel/src/ipc.o
                0x0000000080012a16                rt_mutex_init
 .text.rt_mutex_take
                0x0000000080012aa0      0x2ac build/kernel/src/ipc.o
                0x0000000080012aa0                rt_mutex_take
 .text.rt_mutex_release
                0x0000000080012d4c      0x2b6 build/kernel/src/ipc.o
                0x0000000080012d4c                rt_mutex_release
 .text.r_mhartid
                0x0000000080013002       0x1a rt-thread/libcpu/risc-v/virt64/tick.o
 .text.tick_isr
                0x000000008001301c       0x5a rt-thread/libcpu/risc-v/virt64/tick.o
                0x000000008001301c                tick_isr
 .text.rt_hw_tick_init
                0x0000000080013076       0x72 rt-thread/libcpu/risc-v/virt64/tick.o
                0x0000000080013076                rt_hw_tick_init
 *fill*         0x00000000800130e8        0x0 
 .text.entry    0x00000000800130e8       0xaa rt-thread/libcpu/risc-v/virt64/interrupt_gcc.o
                0x00000000800130e8                trap_entry
 .text.rt_hw_stack_init
                0x0000000080013192       0xc4 rt-thread/libcpu/risc-v/virt64/cpuport.o
                0x0000000080013192                rt_hw_stack_init
 .text.rt_hw_context_switch_interrupt
                0x0000000080013256       0x4a rt-thread/libcpu/risc-v/virt64/cpuport.o
                0x0000000080013256                rt_hw_context_switch_interrupt
 .text.rt_hw_interrupt_handle
                0x00000000800132a0       0x30 rt-thread/libcpu/risc-v/virt64/interrupt.o
 .text.rt_hw_plic_irq_enable
                0x00000000800132d0       0x24 rt-thread/libcpu/risc-v/virt64/interrupt.o
                0x00000000800132d0                rt_hw_plic_irq_enable
 .text.rt_hw_interrupt_init
                0x00000000800132f4       0x62 rt-thread/libcpu/risc-v/virt64/interrupt.o
                0x00000000800132f4                rt_hw_interrupt_init
 .text.rt_hw_interrupt_umask
                0x0000000080013356       0x34 rt-thread/libcpu/risc-v/virt64/interrupt.o
                0x0000000080013356                rt_hw_interrupt_umask
 .text.rt_hw_interrupt_install
                0x000000008001338a       0x80 rt-thread/libcpu/risc-v/virt64/interrupt.o
                0x000000008001338a                rt_hw_interrupt_install
 .text.dump_regs
                0x000000008001340a      0x38c rt-thread/libcpu/risc-v/virt64/interrupt.o
                0x000000008001340a                dump_regs
 .text.handle_trap
                0x0000000080013796      0x264 rt-thread/libcpu/risc-v/virt64/interrupt.o
                0x0000000080013796                handle_trap
 .text.rt_pin_mode
                0x00000000800139fa       0x5c build/kernel/components/drivers/misc/pin.o
                0x00000000800139fa                rt_pin_mode
 .text.rt_pin_write
                0x0000000080013a56       0x5c build/kernel/components/drivers/misc/pin.o
                0x0000000080013a56                rt_pin_write
 .text.rt_pin_read
                0x0000000080013ab2       0x56 build/kernel/components/drivers/misc/pin.o
                0x0000000080013ab2                rt_pin_read
 .text.rt_pin_get
                0x0000000080013b08       0x8a build/kernel/components/drivers/misc/pin.o
                0x0000000080013b08                rt_pin_get
 .text.rt_poll_add
                0x0000000080013b92       0x3e build/kernel/components/drivers/serial/serial.o
 .text.serial_fops_rx_ind
                0x0000000080013bd0       0x2c build/kernel/components/drivers/serial/serial.o
 .text.serial_fops_open
                0x0000000080013bfc       0xfe build/kernel/components/drivers/serial/serial.o
 .text.serial_fops_close
                0x0000000080013cfa       0x34 build/kernel/components/drivers/serial/serial.o
 .text.serial_fops_ioctl
                0x0000000080013d2e       0x42 build/kernel/components/drivers/serial/serial.o
 .text.serial_fops_read
                0x0000000080013d70       0x86 build/kernel/components/drivers/serial/serial.o
 .text.serial_fops_write
                0x0000000080013df6       0x3e build/kernel/components/drivers/serial/serial.o
 .text.serial_fops_poll
                0x0000000080013e34       0xf0 build/kernel/components/drivers/serial/serial.o
 .text._serial_poll_rx
                0x0000000080013f24       0xcc build/kernel/components/drivers/serial/serial.o
 .text._serial_poll_tx
                0x0000000080013ff0       0xbc build/kernel/components/drivers/serial/serial.o
 .text._serial_int_rx
                0x00000000800140ac      0x150 build/kernel/components/drivers/serial/serial.o
 .text._serial_int_tx
                0x00000000800141fc      0x114 build/kernel/components/drivers/serial/serial.o
 .text._serial_check_buffer_size
                0x0000000080014310       0x4e build/kernel/components/drivers/serial/serial.o
 .text._serial_fifo_calc_recved_len
                0x000000008001435e       0xdc build/kernel/components/drivers/serial/serial.o
 .text.rt_dma_calc_recved_len
                0x000000008001443a       0x20 build/kernel/components/drivers/serial/serial.o
 .text.rt_dma_recv_update_get_index
                0x000000008001445a       0xe8 build/kernel/components/drivers/serial/serial.o
 .text.rt_dma_recv_update_put_index
                0x0000000080014542      0x18a build/kernel/components/drivers/serial/serial.o
 .text._serial_dma_rx
                0x00000000800146cc      0x258 build/kernel/components/drivers/serial/serial.o
 .text._serial_dma_tx
                0x0000000080014924       0xa6 build/kernel/components/drivers/serial/serial.o
 .text.rt_serial_init
                0x00000000800149ca       0x7a build/kernel/components/drivers/serial/serial.o
 .text.rt_serial_open
                0x0000000080014a44      0x504 build/kernel/components/drivers/serial/serial.o
 .text.rt_serial_close
                0x0000000080014f48      0x2c2 build/kernel/components/drivers/serial/serial.o
 .text.rt_serial_read
                0x000000008001520a       0xbc build/kernel/components/drivers/serial/serial.o
 .text.rt_serial_write
                0x00000000800152c6       0xc2 build/kernel/components/drivers/serial/serial.o
 .text.rt_serial_control
                0x0000000080015388      0x1a4 build/kernel/components/drivers/serial/serial.o
 .text.rt_hw_serial_register
                0x000000008001552c       0xec build/kernel/components/drivers/serial/serial.o
                0x000000008001552c                rt_hw_serial_register
 .text.rt_hw_serial_isr
                0x0000000080015618      0x39e build/kernel/components/drivers/serial/serial.o
                0x0000000080015618                rt_hw_serial_isr
 .text.rt_list_init
                0x00000000800159b6       0x28 build/kernel/components/drivers/src/dataqueue.o
 .text.rt_list_insert_before
                0x00000000800159de       0x42 build/kernel/components/drivers/src/dataqueue.o
 .text.rt_list_isempty
                0x0000000080015a20       0x2a build/kernel/components/drivers/src/dataqueue.o
 .text.rt_data_queue_init
                0x0000000080015a4a      0x108 build/kernel/components/drivers/src/dataqueue.o
                0x0000000080015a4a                rt_data_queue_init
 .text.rt_data_queue_push
                0x0000000080015b52      0x2e6 build/kernel/components/drivers/src/dataqueue.o
                0x0000000080015b52                rt_data_queue_push
 .text.rt_data_queue_pop
                0x0000000080015e38      0x354 build/kernel/components/drivers/src/dataqueue.o
                0x0000000080015e38                rt_data_queue_pop
 .text.rt_data_queue_peek
                0x000000008001618c       0xda build/kernel/components/drivers/src/dataqueue.o
                0x000000008001618c                rt_data_queue_peek
 .text.rt_data_queue_reset
                0x0000000080016266      0x144 build/kernel/components/drivers/src/dataqueue.o
                0x0000000080016266                rt_data_queue_reset
 .text.rt_data_queue_deinit
                0x00000000800163aa       0x92 build/kernel/components/drivers/src/dataqueue.o
                0x00000000800163aa                rt_data_queue_deinit
 .text.rt_data_queue_len
                0x000000008001643c      0x130 build/kernel/components/drivers/src/dataqueue.o
                0x000000008001643c                rt_data_queue_len
 .text.rt_list_init
                0x000000008001656c       0x28 build/kernel/components/drivers/src/waitqueue.o
 .text.rt_list_insert_before
                0x0000000080016594       0x42 build/kernel/components/drivers/src/waitqueue.o
 .text.rt_list_remove
                0x00000000800165d6       0x44 build/kernel/components/drivers/src/waitqueue.o
 .text.rt_list_isempty
                0x000000008001661a       0x2a build/kernel/components/drivers/src/waitqueue.o
 .text.rt_wqueue_add
                0x0000000080016644       0x40 build/kernel/components/drivers/src/waitqueue.o
                0x0000000080016644                rt_wqueue_add
 .text.rt_wqueue_remove
                0x0000000080016684       0x32 build/kernel/components/drivers/src/waitqueue.o
                0x0000000080016684                rt_wqueue_remove
 .text.__wqueue_default_wake
                0x00000000800166b6       0x18 build/kernel/components/drivers/src/waitqueue.o
                0x00000000800166b6                __wqueue_default_wake
 .text.rt_wqueue_wakeup
                0x00000000800166ce       0xac build/kernel/components/drivers/src/waitqueue.o
                0x00000000800166ce                rt_wqueue_wakeup
 .text.rt_wqueue_wait
                0x000000008001677a      0x14c build/kernel/components/drivers/src/waitqueue.o
                0x000000008001677a                rt_wqueue_wait
 .text.rt_list_init
                0x00000000800168c6       0x28 build/kernel/components/drivers/src/completion.o
 .text.rt_list_insert_before
                0x00000000800168ee       0x42 build/kernel/components/drivers/src/completion.o
 .text.rt_list_isempty
                0x0000000080016930       0x2a build/kernel/components/drivers/src/completion.o
 .text.rt_completion_init
                0x000000008001695a       0x56 build/kernel/components/drivers/src/completion.o
                0x000000008001695a                rt_completion_init
 .text.rt_completion_wait
                0x00000000800169b0      0x15c build/kernel/components/drivers/src/completion.o
                0x00000000800169b0                rt_completion_wait
 .text.rt_completion_done
                0x0000000080016b0c       0x90 build/kernel/components/drivers/src/completion.o
                0x0000000080016b0c                rt_completion_done
 .text.libc_system_init
                0x0000000080016b9c       0x46 build/kernel/components/libc/compilers/newlib/libc.o
                0x0000000080016b9c                libc_system_init
 .text.libc_stdio_set_console
                0x0000000080016be2      0x18e build/kernel/components/libc/compilers/newlib/stdio.o
                0x0000000080016be2                libc_stdio_set_console
 .text.libc_stdio_get_console
                0x0000000080016d70       0x34 build/kernel/components/libc/compilers/newlib/stdio.o
                0x0000000080016d70                libc_stdio_get_console
 .text.__errno  0x0000000080016da4       0x18 build/kernel/components/libc/compilers/newlib/syscalls.o
                0x0000000080016da4                __errno
 .text._getpid_r
                0x0000000080016dbc       0x14 build/kernel/components/libc/compilers/newlib/syscalls.o
                0x0000000080016dbc                _getpid_r
 .text._close_r
                0x0000000080016dd0       0x28 build/kernel/components/libc/compilers/newlib/syscalls.o
                0x0000000080016dd0                _close_r
 .text._fstat_r
                0x0000000080016df8       0x28 build/kernel/components/libc/compilers/newlib/syscalls.o
                0x0000000080016df8                _fstat_r
 .text._isatty_r
                0x0000000080016e20       0x36 build/kernel/components/libc/compilers/newlib/syscalls.o
                0x0000000080016e20                _isatty_r
 .text._kill_r  0x0000000080016e56       0x2c build/kernel/components/libc/compilers/newlib/syscalls.o
                0x0000000080016e56                _kill_r
 .text._lseek_r
                0x0000000080016e82       0x44 build/kernel/components/libc/compilers/newlib/syscalls.o
                0x0000000080016e82                _lseek_r
 .text._open_r  0x0000000080016ec6       0x46 build/kernel/components/libc/compilers/newlib/syscalls.o
                0x0000000080016ec6                _open_r
 .text._read_r  0x0000000080016f0c       0x40 build/kernel/components/libc/compilers/newlib/syscalls.o
                0x0000000080016f0c                _read_r
 .text._write_r
                0x0000000080016f4c       0x40 build/kernel/components/libc/compilers/newlib/syscalls.o
                0x0000000080016f4c                _write_r
 .text._malloc_r
                0x0000000080016f8c       0x38 build/kernel/components/libc/compilers/newlib/syscalls.o
                0x0000000080016f8c                _malloc_r
 .text._realloc_r
                0x0000000080016fc4       0x40 build/kernel/components/libc/compilers/newlib/syscalls.o
                0x0000000080016fc4                _realloc_r
 .text._calloc_r
                0x0000000080017004       0x40 build/kernel/components/libc/compilers/newlib/syscalls.o
                0x0000000080017004                _calloc_r
 .text._free_r  0x0000000080017044       0x22 build/kernel/components/libc/compilers/newlib/syscalls.o
                0x0000000080017044                _free_r
 .text._exit    0x0000000080017066       0x1a build/kernel/components/libc/compilers/newlib/syscalls.o
                0x0000000080017066                _exit
 .text.clock_time_system_init
                0x0000000080017080       0x9a build/kernel/components/libc/compilers/common/time.o
 .text.__rt_libc_exit
                0x000000008001711a       0x4a build/kernel/components/libc/compilers/common/stdlib.o
                0x000000008001711a                __rt_libc_exit
 .text.msh_readline
                0x0000000080017164      0x104 build/kernel/components/finsh/msh_file.o
 .text.msh_exec_script
                0x0000000080017268      0x22a build/kernel/components/finsh/msh_file.o
                0x0000000080017268                msh_exec_script
 .text.cmd_ls   0x0000000080017492       0x48 build/kernel/components/finsh/msh_file.o
                0x0000000080017492                cmd_ls
 .text.cmd_cp   0x00000000800174da       0x5e build/kernel/components/finsh/msh_file.o
                0x00000000800174da                cmd_cp
 .text.cmd_mv   0x0000000080017538      0x1a6 build/kernel/components/finsh/msh_file.o
                0x0000000080017538                cmd_mv
 .text.cmd_cat  0x00000000800176de       0x7e build/kernel/components/finsh/msh_file.o
                0x00000000800176de                cmd_cat
 .text.directory_delete_for_msh
                0x000000008001775c      0x1b0 build/kernel/components/finsh/msh_file.o
 .text.cmd_rm   0x000000008001790c      0x266 build/kernel/components/finsh/msh_file.o
                0x000000008001790c                cmd_rm
 .text.cmd_cd   0x0000000080017b72       0x78 build/kernel/components/finsh/msh_file.o
                0x0000000080017b72                cmd_cd
 .text.cmd_pwd  0x0000000080017bea       0x32 build/kernel/components/finsh/msh_file.o
                0x0000000080017bea                cmd_pwd
 .text.cmd_mkdir
                0x0000000080017c1c       0x56 build/kernel/components/finsh/msh_file.o
                0x0000000080017c1c                cmd_mkdir
 .text.cmd_mkfs
                0x0000000080017c72       0xcc build/kernel/components/finsh/msh_file.o
                0x0000000080017c72                cmd_mkfs
 .text.cmd_mount
                0x0000000080017d3e      0x12e build/kernel/components/finsh/msh_file.o
                0x0000000080017d3e                cmd_mount
 .text.cmd_umount
                0x0000000080017e6c       0x80 build/kernel/components/finsh/msh_file.o
                0x0000000080017e6c                cmd_umount
 .text.cmd_df   0x0000000080017eec       0x8a build/kernel/components/finsh/msh_file.o
                0x0000000080017eec                cmd_df
 .text.cmd_echo
                0x0000000080017f76       0xd0 build/kernel/components/finsh/msh_file.o
                0x0000000080017f76                cmd_echo
 .text.msh_is_used
                0x0000000080018046       0x10 build/kernel/components/finsh/msh.o
                0x0000000080018046                msh_is_used
 .text.msh_help
                0x0000000080018056       0xa0 build/kernel/components/finsh/msh.o
                0x0000000080018056                msh_help
 .text.cmd_ps   0x00000000800180f6       0x22 build/kernel/components/finsh/msh.o
                0x00000000800180f6                cmd_ps
 .text.cmd_free
                0x0000000080018118       0x22 build/kernel/components/finsh/msh.o
                0x0000000080018118                cmd_free
 .text.msh_split
                0x000000008001813a      0x246 build/kernel/components/finsh/msh.o
 .text.msh_get_cmd
                0x0000000080018380       0xaa build/kernel/components/finsh/msh.o
 .text._msh_exec_cmd
                0x000000008001842a      0x11e build/kernel/components/finsh/msh.o
 .text.msh_exec
                0x0000000080018548       0xe0 build/kernel/components/finsh/msh.o
                0x0000000080018548                msh_exec
 .text.str_common
                0x0000000080018628       0x6a build/kernel/components/finsh/msh.o
 .text.msh_auto_complete_path
                0x0000000080018692      0x2ec build/kernel/components/finsh/msh.o
                0x0000000080018692                msh_auto_complete_path
 .text.msh_auto_complete
                0x000000008001897e      0x160 build/kernel/components/finsh/msh.o
                0x000000008001897e                msh_auto_complete
 .text.finsh_get_prompt
                0x0000000080018ade       0xf8 build/kernel/components/finsh/shell.o
                0x0000000080018ade                finsh_get_prompt
 .text.finsh_set_prompt_mode
                0x0000000080018bd6       0x66 build/kernel/components/finsh/shell.o
                0x0000000080018bd6                finsh_set_prompt_mode
 .text.finsh_getchar
                0x0000000080018c3c       0x18 build/kernel/components/finsh/shell.o
 .text.shell_auto_complete
                0x0000000080018c54       0x50 build/kernel/components/finsh/shell.o
 .text.shell_handle_history
                0x0000000080018ca4       0x42 build/kernel/components/finsh/shell.o
 .text.shell_push_history
                0x0000000080018ce6      0x204 build/kernel/components/finsh/shell.o
 .text.finsh_thread_entry
                0x0000000080018eea      0x91e build/kernel/components/finsh/shell.o
                0x0000000080018eea                finsh_thread_entry
 .text.finsh_system_function_init
                0x0000000080019808       0x32 build/kernel/components/finsh/shell.o
                0x0000000080019808                finsh_system_function_init
 .text.finsh_system_var_init
                0x000000008001983a       0x32 build/kernel/components/finsh/shell.o
                0x000000008001983a                finsh_system_var_init
 .text.finsh_system_init
                0x000000008001986c       0xc8 build/kernel/components/finsh/shell.o
                0x000000008001986c                finsh_system_init
 .text.rt_list_isempty
                0x0000000080019934       0x2a build/kernel/components/finsh/cmd.o
 .text.rt_list_len
                0x000000008001995e       0x46 build/kernel/components/finsh/cmd.o
 .text.hello    0x00000000800199a4       0x20 build/kernel/components/finsh/cmd.o
                0x00000000800199a4                hello
 .text.clear    0x00000000800199c4       0x20 build/kernel/components/finsh/cmd.o
 .text.version  0x00000000800199e4       0x18 build/kernel/components/finsh/cmd.o
                0x00000000800199e4                version
 .text.object_split
                0x00000000800199fc       0x36 build/kernel/components/finsh/cmd.o
 .text.list_find_init
                0x0000000080019a32       0x74 build/kernel/components/finsh/cmd.o
 .text.list_get_next
                0x0000000080019aa6      0x120 build/kernel/components/finsh/cmd.o
 .text.list_thread
                0x0000000080019bc6      0x262 build/kernel/components/finsh/cmd.o
                0x0000000080019bc6                list_thread
 .text.show_wait_queue
                0x0000000080019e28       0x72 build/kernel/components/finsh/cmd.o
 .text.list_sem
                0x0000000080019e9a      0x1a2 build/kernel/components/finsh/cmd.o
                0x0000000080019e9a                list_sem
 .text.list_event
                0x000000008001a03c      0x184 build/kernel/components/finsh/cmd.o
                0x000000008001a03c                list_event
 .text.list_mutex
                0x000000008001a1c0      0x14c build/kernel/components/finsh/cmd.o
                0x000000008001a1c0                list_mutex
 .text.list_mailbox
                0x000000008001a30c      0x1c6 build/kernel/components/finsh/cmd.o
                0x000000008001a30c                list_mailbox
 .text.list_msgqueue
                0x000000008001a4d2      0x1a2 build/kernel/components/finsh/cmd.o
                0x000000008001a4d2                list_msgqueue
 .text.list_mempool
                0x000000008001a674      0x1ba build/kernel/components/finsh/cmd.o
                0x000000008001a674                list_mempool
 .text.list_timer
                0x000000008001a82e      0x15c build/kernel/components/finsh/cmd.o
                0x000000008001a82e                list_timer
 .text.list_device
                0x000000008001a98a      0x14a build/kernel/components/finsh/cmd.o
                0x000000008001a98a                list_device
 .text.list     0x000000008001aad4       0x86 build/kernel/components/finsh/cmd.o
                0x000000008001aad4                list
 .text.dfs_register
                0x000000008001ab5a       0xe4 build/kernel/components/dfs/src/dfs_fs.o
                0x000000008001ab5a                dfs_register
 .text.dfs_filesystem_lookup
                0x000000008001ac3e      0x112 build/kernel/components/dfs/src/dfs_fs.o
                0x000000008001ac3e                dfs_filesystem_lookup
 .text.dfs_mount
                0x000000008001ad50      0x2a6 build/kernel/components/dfs/src/dfs_fs.o
                0x000000008001ad50                dfs_mount
 .text.dfs_unmount
                0x000000008001aff6      0x106 build/kernel/components/dfs/src/dfs_fs.o
                0x000000008001aff6                dfs_unmount
 .text.dfs_mkfs
                0x000000008001b0fc      0x162 build/kernel/components/dfs/src/dfs_fs.o
                0x000000008001b0fc                dfs_mkfs
 .text.dfs_statfs
                0x000000008001b25e       0x4e build/kernel/components/dfs/src/dfs_fs.o
                0x000000008001b25e                dfs_statfs
 .text.mkfs     0x000000008001b2ac       0x26 build/kernel/components/dfs/src/dfs_fs.o
                0x000000008001b2ac                mkfs
 .text.df       0x000000008001b2d2      0x12a build/kernel/components/dfs/src/dfs_fs.o
                0x000000008001b2d2                df
 .text.dfs_file_open
                0x000000008001b3fc      0x1b6 build/kernel/components/dfs/src/dfs_file.o
                0x000000008001b3fc                dfs_file_open
 .text.dfs_file_close
                0x000000008001b5b2       0x6a build/kernel/components/dfs/src/dfs_file.o
                0x000000008001b5b2                dfs_file_close
 .text.dfs_file_read
                0x000000008001b61c       0x7e build/kernel/components/dfs/src/dfs_file.o
                0x000000008001b61c                dfs_file_read
 .text.dfs_file_getdents
                0x000000008001b69a       0x66 build/kernel/components/dfs/src/dfs_file.o
                0x000000008001b69a                dfs_file_getdents
 .text.dfs_file_unlink
                0x000000008001b700      0x102 build/kernel/components/dfs/src/dfs_file.o
                0x000000008001b700                dfs_file_unlink
 .text.dfs_file_write
                0x000000008001b802       0x50 build/kernel/components/dfs/src/dfs_file.o
                0x000000008001b802                dfs_file_write
 .text.dfs_file_lseek
                0x000000008001b852       0x64 build/kernel/components/dfs/src/dfs_file.o
                0x000000008001b852                dfs_file_lseek
 .text.dfs_file_stat
                0x000000008001b8b6      0x196 build/kernel/components/dfs/src/dfs_file.o
                0x000000008001b8b6                dfs_file_stat
 .text.dfs_file_rename
                0x000000008001ba4c      0x124 build/kernel/components/dfs/src/dfs_file.o
                0x000000008001ba4c                dfs_file_rename
 .text.ls       0x000000008001bb70      0x182 build/kernel/components/dfs/src/dfs_file.o
                0x000000008001bb70                ls
 .text.rm       0x000000008001bcf2       0x34 build/kernel/components/dfs/src/dfs_file.o
                0x000000008001bcf2                rm
 .text.cat      0x000000008001bd26       0xa4 build/kernel/components/dfs/src/dfs_file.o
                0x000000008001bd26                cat
 .text.copyfile
                0x000000008001bdca      0x12c build/kernel/components/dfs/src/dfs_file.o
 .text.copydir  0x000000008001bef6      0x1a2 build/kernel/components/dfs/src/dfs_file.o
 .text._get_path_lastname
                0x000000008001c098       0x40 build/kernel/components/dfs/src/dfs_file.o
 .text.copy     0x000000008001c0d8      0x1bc build/kernel/components/dfs/src/dfs_file.o
                0x000000008001c0d8                copy
 .text.open     0x000000008001c294       0xa4 build/kernel/components/dfs/src/dfs_posix.o
                0x000000008001c294                open
 .text.close    0x000000008001c338       0x6e build/kernel/components/dfs/src/dfs_posix.o
                0x000000008001c338                close
 .text.read     0x000000008001c3a6       0x80 build/kernel/components/dfs/src/dfs_posix.o
                0x000000008001c3a6                read
 .text.write    0x000000008001c426       0x80 build/kernel/components/dfs/src/dfs_posix.o
                0x000000008001c426                write
 .text.lseek    0x000000008001c4a6      0x104 build/kernel/components/dfs/src/dfs_posix.o
                0x000000008001c4a6                lseek
 .text.rename   0x000000008001c5aa       0x46 build/kernel/components/dfs/src/dfs_posix.o
                0x000000008001c5aa                rename
 .text.unlink   0x000000008001c5f0       0x3e build/kernel/components/dfs/src/dfs_posix.o
                0x000000008001c5f0                unlink
 .text.stat     0x000000008001c62e       0x48 build/kernel/components/dfs/src/dfs_posix.o
                0x000000008001c62e                stat
 .text.mkdir    0x000000008001c676       0xa8 build/kernel/components/dfs/src/dfs_posix.o
                0x000000008001c676                mkdir
 .text.opendir  0x000000008001c71e       0xd0 build/kernel/components/dfs/src/dfs_posix.o
                0x000000008001c71e                opendir
 .text.readdir  0x000000008001c7ee       0xf8 build/kernel/components/dfs/src/dfs_posix.o
                0x000000008001c7ee                readdir
 .text.rewinddir
                0x000000008001c8e6       0x62 build/kernel/components/dfs/src/dfs_posix.o
                0x000000008001c8e6                rewinddir
 .text.closedir
                0x000000008001c948       0x76 build/kernel/components/dfs/src/dfs_posix.o
                0x000000008001c948                closedir
 .text.chdir    0x000000008001c9be       0xc6 build/kernel/components/dfs/src/dfs_posix.o
                0x000000008001c9be                chdir
 .text.getcwd   0x000000008001ca84       0x3a build/kernel/components/dfs/src/dfs_posix.o
                0x000000008001ca84                getcwd
 .text.dfs_init
                0x000000008001cabe       0xc4 build/kernel/components/dfs/src/dfs.o
                0x000000008001cabe                dfs_init
 .text.dfs_lock
                0x000000008001cb82       0x54 build/kernel/components/dfs/src/dfs.o
                0x000000008001cb82                dfs_lock
 .text.dfs_unlock
                0x000000008001cbd6       0x1e build/kernel/components/dfs/src/dfs.o
                0x000000008001cbd6                dfs_unlock
 .text.fd_alloc
                0x000000008001cbf4      0x18c build/kernel/components/dfs/src/dfs.o
 .text.fd_new   0x000000008001cd80       0x9c build/kernel/components/dfs/src/dfs.o
                0x000000008001cd80                fd_new
 .text.fd_get   0x000000008001ce1c       0xc4 build/kernel/components/dfs/src/dfs.o
                0x000000008001ce1c                fd_get
 .text.fd_put   0x000000008001cee0       0xb6 build/kernel/components/dfs/src/dfs.o
                0x000000008001cee0                fd_put
 .text.fd_is_open
                0x000000008001cf96      0x126 build/kernel/components/dfs/src/dfs.o
                0x000000008001cf96                fd_is_open
 .text.dfs_subdir
                0x000000008001d0bc       0x7a build/kernel/components/dfs/src/dfs.o
                0x000000008001d0bc                dfs_subdir
 .text.dfs_normalize_path
                0x000000008001d136      0x336 build/kernel/components/dfs/src/dfs.o
                0x000000008001d136                dfs_normalize_path
 .text.dfs_fdtable_get
                0x000000008001d46c       0x1e build/kernel/components/dfs/src/dfs.o
                0x000000008001d46c                dfs_fdtable_get
 .text.list_fd  0x000000008001d48a      0x1d0 build/kernel/components/dfs/src/dfs.o
                0x000000008001d48a                list_fd
 .text.dfs_device_fs_mount
                0x000000008001d65a       0x1c build/kernel/components/dfs/filesystems/devfs/devfs.o
                0x000000008001d65a                dfs_device_fs_mount
 .text.dfs_device_fs_ioctl
                0x000000008001d676       0x8c build/kernel/components/dfs/filesystems/devfs/devfs.o
                0x000000008001d676                dfs_device_fs_ioctl
 .text.dfs_device_fs_read
                0x000000008001d702       0x98 build/kernel/components/dfs/filesystems/devfs/devfs.o
                0x000000008001d702                dfs_device_fs_read
 .text.dfs_device_fs_write
                0x000000008001d79a       0x98 build/kernel/components/dfs/filesystems/devfs/devfs.o
                0x000000008001d79a                dfs_device_fs_write
 .text.dfs_device_fs_close
                0x000000008001d832       0xc2 build/kernel/components/dfs/filesystems/devfs/devfs.o
                0x000000008001d832                dfs_device_fs_close
 .text.dfs_device_fs_open
                0x000000008001d8f4      0x204 build/kernel/components/dfs/filesystems/devfs/devfs.o
                0x000000008001d8f4                dfs_device_fs_open
 .text.dfs_device_fs_stat
                0x000000008001daf8      0x156 build/kernel/components/dfs/filesystems/devfs/devfs.o
                0x000000008001daf8                dfs_device_fs_stat
 .text.dfs_device_fs_getdents
                0x000000008001dc4e      0x14c build/kernel/components/dfs/filesystems/devfs/devfs.o
                0x000000008001dc4e                dfs_device_fs_getdents
 .text.dfs_device_fs_poll
                0x000000008001dd9a       0x1e build/kernel/components/dfs/filesystems/devfs/devfs.o
 .text.devfs_init
                0x000000008001ddb8       0x20 build/kernel/components/dfs/filesystems/devfs/devfs.o
                0x000000008001ddb8                devfs_init
 .text.dfs_romfs_mount
                0x000000008001ddd8       0x38 build/kernel/components/dfs/filesystems/romfs/dfs_romfs.o
                0x000000008001ddd8                dfs_romfs_mount
 .text.dfs_romfs_unmount
                0x000000008001de10       0x14 build/kernel/components/dfs/filesystems/romfs/dfs_romfs.o
                0x000000008001de10                dfs_romfs_unmount
 .text.dfs_romfs_ioctl
                0x000000008001de24       0x1e build/kernel/components/dfs/filesystems/romfs/dfs_romfs.o
                0x000000008001de24                dfs_romfs_ioctl
 .text.check_dirent
                0x000000008001de42       0x3a build/kernel/components/dfs/filesystems/romfs/dfs_romfs.o
 .text.dfs_romfs_lookup
                0x000000008001de7c      0x246 build/kernel/components/dfs/filesystems/romfs/dfs_romfs.o
                0x000000008001de7c                dfs_romfs_lookup
 .text.dfs_romfs_read
                0x000000008001e0c2       0xc6 build/kernel/components/dfs/filesystems/romfs/dfs_romfs.o
                0x000000008001e0c2                dfs_romfs_read
 .text.dfs_romfs_lseek
                0x000000008001e188       0x3a build/kernel/components/dfs/filesystems/romfs/dfs_romfs.o
                0x000000008001e188                dfs_romfs_lseek
 .text.dfs_romfs_close
                0x000000008001e1c2       0x1c build/kernel/components/dfs/filesystems/romfs/dfs_romfs.o
                0x000000008001e1c2                dfs_romfs_close
 .text.dfs_romfs_open
                0x000000008001e1de       0xc8 build/kernel/components/dfs/filesystems/romfs/dfs_romfs.o
                0x000000008001e1de                dfs_romfs_open
 .text.dfs_romfs_stat
                0x000000008001e2a6       0xb4 build/kernel/components/dfs/filesystems/romfs/dfs_romfs.o
                0x000000008001e2a6                dfs_romfs_stat
 .text.dfs_romfs_getdents
                0x000000008001e35a      0x16e build/kernel/components/dfs/filesystems/romfs/dfs_romfs.o
                0x000000008001e35a                dfs_romfs_getdents
 .text.dfs_romfs_init
                0x000000008001e4c8       0x20 build/kernel/components/dfs/filesystems/romfs/dfs_romfs.o
                0x000000008001e4c8                dfs_romfs_init
 *(.rodata)
 *fill*         0x000000008001e4e8        0x0 
 .rodata        0x000000008001e4e8        0xf build/applications/main.o
 *fill*         0x000000008001e4f7        0x1 
 .rodata        0x000000008001e4f8       0x3d build/driver/drv_uart.o
 *fill*         0x000000008001e535        0x3 
 .rodata        0x000000008001e538       0x21 build/driver/board.o
 *fill*         0x000000008001e559        0x7 
 .rodata        0x000000008001e560       0x38 build/kernel/src/idle.o
 .rodata        0x000000008001e598       0xd7 build/kernel/src/kservice.o
 *fill*         0x000000008001e66f        0x1 
 .rodata        0x000000008001e670       0xee build/kernel/src/timer.o
 *fill*         0x000000008001e75e        0x2 
 .rodata        0x000000008001e760       0x99 build/kernel/src/object.o
 *fill*         0x000000008001e7f9        0x7 
 .rodata        0x000000008001e800       0x17 build/kernel/src/components.o
 *fill*         0x000000008001e817        0x1 
 .rodata        0x000000008001e818      0x1b2 build/kernel/src/thread.o
 *fill*         0x000000008001e9ca        0x6 
 .rodata        0x000000008001e9d0      0x114 build/kernel/src/device.o
 *fill*         0x000000008001eae4        0x4 
 .rodata        0x000000008001eae8      0x46a build/kernel/src/mem.o
 *fill*         0x000000008001ef52        0x6 
 .rodata        0x000000008001ef58       0x12 build/kernel/src/scheduler.o
 *fill*         0x000000008001ef6a        0x6 
 .rodata        0x000000008001ef70      0x4aa build/kernel/src/ipc.o
 *fill*         0x000000008001f41a        0x6 
 .rodata        0x000000008001f420      0x726 rt-thread/libcpu/risc-v/virt64/interrupt.o
 *fill*         0x000000008001fb46        0x2 
 .rodata        0x000000008001fb48       0x37 build/kernel/components/drivers/misc/pin.o
 *fill*         0x000000008001fb7f        0x1 
 .rodata        0x000000008001fb80      0x206 build/kernel/components/drivers/serial/serial.o
 *fill*         0x000000008001fd86        0x2 
 .rodata        0x000000008001fd88       0xa0 build/kernel/components/drivers/src/dataqueue.o
 .rodata        0x000000008001fe28       0x2a build/kernel/components/drivers/src/waitqueue.o
 *fill*         0x000000008001fe52        0x6 
 .rodata        0x000000008001fe58       0x72 build/kernel/components/drivers/src/completion.o
 *fill*         0x000000008001feca        0x6 
 .rodata        0x000000008001fed0       0x1b build/kernel/components/libc/compilers/newlib/libc.o
 *fill*         0x000000008001feeb        0x5 
 .rodata        0x000000008001fef0       0x1b build/kernel/components/libc/compilers/newlib/stdio.o
 *fill*         0x000000008001ff0b        0x5 
 .rodata        0x000000008001ff10       0x90 build/kernel/components/libc/compilers/common/time.o
 .rodata        0x000000008001ffa0       0x14 build/kernel/components/libc/compilers/common/stdlib.o
 *fill*         0x000000008001ffb4        0x4 
 .rodata        0x000000008001ffb8      0x421 build/kernel/components/finsh/msh_file.o
 *fill*         0x00000000800203d9        0x7 
 .rodata        0x00000000800203e0       0x9c build/kernel/components/finsh/msh.o
 *fill*         0x000000008002047c        0x4 
 .rodata        0x0000000080020480       0x95 build/kernel/components/finsh/shell.o
 *fill*         0x0000000080020515        0x3 
 .rodata        0x0000000080020518      0x6ed build/kernel/components/finsh/cmd.o
 *fill*         0x0000000080020c05        0x3 
 .rodata        0x0000000080020c08      0x1ee build/kernel/components/dfs/src/dfs_fs.o
 *fill*         0x0000000080020df6        0x2 
 .rodata        0x0000000080020df8      0x1f4 build/kernel/components/dfs/src/dfs_file.o
 *fill*         0x0000000080020fec        0x4 
 .rodata        0x0000000080020ff0        0x4 build/kernel/components/dfs/src/dfs_posix.o
 *fill*         0x0000000080020ff4        0x4 
 .rodata        0x0000000080020ff8      0x15c build/kernel/components/dfs/src/dfs.o
 *fill*         0x0000000080021154        0x4 
 .rodata        0x0000000080021158       0x5e build/kernel/components/dfs/filesystems/devfs/devfs.o
 *fill*         0x00000000800211b6        0x2 
 .rodata        0x00000000800211b8       0x3c build/kernel/components/dfs/filesystems/romfs/dfs_romfs.o
 *fill*         0x00000000800211f4        0x4 
 .rodata        0x00000000800211f8      0x190 /home/lebhoryi/Software/riscv64-unknown-elf-toolchain-10.2.0-2020.12.8-x86_64-linux-ubuntu14/bin/../lib/gcc/riscv64-unknown-elf/10.2.0/../../../../riscv64-unknown-elf/lib/rv64imafdc/lp64d/libc.a(lib_a-svfprintf.o)
 .rodata        0x0000000080021388      0x190 /home/lebhoryi/Software/riscv64-unknown-elf-toolchain-10.2.0-2020.12.8-x86_64-linux-ubuntu14/bin/../lib/gcc/riscv64-unknown-elf/10.2.0/../../../../riscv64-unknown-elf/lib/rv64imafdc/lp64d/libc.a(lib_a-vfprintf.o)
 .rodata        0x0000000080021518      0x262 /home/lebhoryi/Software/riscv64-unknown-elf-toolchain-10.2.0-2020.12.8-x86_64-linux-ubuntu14/bin/../lib/gcc/riscv64-unknown-elf/10.2.0/../../../../riscv64-unknown-elf/lib/rv64imafdc/lp64d/libc.a(lib_a-ldtoa.o)
 *fill*         0x000000008002177a        0x6 
 .rodata        0x0000000080021780      0x128 /home/lebhoryi/Software/riscv64-unknown-elf-toolchain-10.2.0-2020.12.8-x86_64-linux-ubuntu14/bin/../lib/gcc/riscv64-unknown-elf/10.2.0/../../../../riscv64-unknown-elf/lib/rv64imafdc/lp64d/libc.a(lib_a-mprec.o)
                0x0000000080021790                __mprec_tens
                0x0000000080021858                __mprec_tinytens
                0x0000000080021880                __mprec_bigtens
 .rodata        0x00000000800218a8      0x190 /home/lebhoryi/Software/riscv64-unknown-elf-toolchain-10.2.0-2020.12.8-x86_64-linux-ubuntu14/bin/../lib/gcc/riscv64-unknown-elf/10.2.0/../../../../riscv64-unknown-elf/lib/rv64imafdc/lp64d/libc.a(lib_a-svfiprintf.o)
 .rodata        0x0000000080021a38      0x190 /home/lebhoryi/Software/riscv64-unknown-elf-toolchain-10.2.0-2020.12.8-x86_64-linux-ubuntu14/bin/../lib/gcc/riscv64-unknown-elf/10.2.0/../../../../riscv64-unknown-elf/lib/rv64imafdc/lp64d/libc.a(lib_a-vfiprintf.o)
 .rodata        0x0000000080021bc8      0x101 /home/lebhoryi/Software/riscv64-unknown-elf-toolchain-10.2.0-2020.12.8-x86_64-linux-ubuntu14/bin/../lib/gcc/riscv64-unknown-elf/10.2.0/../../../../riscv64-unknown-elf/lib/rv64imafdc/lp64d/libc.a(lib_a-ctype_.o)
                0x0000000080021bc8                _ctype_
 *fill*         0x0000000080021cc9        0x3 
 .rodata        0x0000000080021ccc       0x3c /home/lebhoryi/Software/riscv64-unknown-elf-toolchain-10.2.0-2020.12.8-x86_64-linux-ubuntu14/bin/../lib/gcc/riscv64-unknown-elf/10.2.0/rv64imafdc/lp64d/libgcc.a(multf3.o)
 .rodata        0x0000000080021d08      0x100 /home/lebhoryi/Software/riscv64-unknown-elf-toolchain-10.2.0-2020.12.8-x86_64-linux-ubuntu14/bin/../lib/gcc/riscv64-unknown-elf/10.2.0/rv64imafdc/lp64d/libgcc.a(_clz.o)
                0x0000000080021d08                __clz_tab
 *(.rodata*)
 .rodata._uart_ops
                0x0000000080021e08       0x28 build/driver/drv_uart.o
                0x0000000080021e08                _uart_ops
 .rodata.__FUNCTION__.1
                0x0000000080021e30       0x12 build/driver/drv_uart.o
 *fill*         0x0000000080021e42        0x6 
 .rodata.__FUNCTION__.0
                0x0000000080021e48        0xd build/driver/drv_uart.o
 *fill*         0x0000000080021e55        0x3 
 .rodata.name   0x0000000080021e58       0x1e build/driver/board.o
                0x0000000080021e58                __fsym___cmd_reboot_name
                0x0000000080021e68                __fsym___cmd_reboot_desc
 *fill*         0x0000000080021e76        0x2 
 .rodata.__FUNCTION__.0
                0x0000000080021e78       0x16 build/kernel/src/idle.o
 *fill*         0x0000000080021e8e        0x2 
 .rodata.rt_vsnprintf
                0x0000000080021e90       0x84 build/kernel/src/kservice.o